<?xml version="1.0" encoding="UTF-8"?>
<TestRun id="d6052464-49c6-4dc7-b6b9-7cd983bc23b2" name="andre@ANDRE-PC 2012-04-14 19:01:46" runUser="andre-PC\andre" xmlns="http://microsoft.com/schemas/VisualStudio/TeamTest/2010">
  <TestSettings name="Local" id="ef9f2aab-2efc-4d6e-a3fa-346b6afda278">
    <Description>These are default test settings for a local test run.</Description>
    <Deployment enabled="false" runDeploymentRoot="andre_ANDRE-PC 2012-04-14 19_01_46">
      <DeploymentItem filename="C:\Program Files (x86)\Microsoft ASP.NET\ASP.NET MVC 3\Assemblies\System.Web.Mvc.dll" />
      <DeploymentItem filename="D:\Projetos\Azure\Cerebello\ThirdParty\Bin\Moq.4.0.10827\Moq.dll" />
      <DeploymentItem filename="C:\Program Files\Windows Azure SDK\v1.6\ref\Microsoft.WindowsAzure.Diagnostics.dll" />
      <DeploymentItem filename="D:\Projetos\ThirdParty\Bin\HtmlAgilityPack\HtmlAgilityPack.dll" />
      <DeploymentItem filename="C:\Program Files (x86)\Microsoft ASP.NET\ASP.NET Web Pages\v1.0\Assemblies\System.Web.WebPages.Deployment.dll" />
      <DeploymentItem filename="D:\Projetos\Azure\Cerebello\Cerebello.Model\bin\Debug\Cerebello.Model.dll" />
      <DeploymentItem filename="C:\Program Files (x86)\Microsoft ASP.NET\ASP.NET Web Pages\v1.0\Assemblies\System.Web.Helpers.dll" />
      <DeploymentItem filename="C:\Program Files (x86)\Microsoft ASP.NET\ASP.NET Web Pages\v1.0\Assemblies\System.Web.WebPages.dll" />
      <DeploymentItem filename="C:\Program Files\Windows Azure SDK\v1.6\ref\Microsoft.WindowsAzure.StorageClient.dll" />
      <DeploymentItem filename="D:\Projetos\ThirdParty\Bin\CipherLite\CipherLite.dll" />
      <DeploymentItem filename="D:\Projetos\ThirdParty\Bin\iTextShap\itextsharp-dll-core-5.1.3\itextsharp.dll" />
      <DeploymentItem filename="C:\Program Files (x86)\Microsoft ASP.NET\ASP.NET Web Pages\v1.0\Assemblies\Microsoft.Web.Infrastructure.dll" />
      <DeploymentItem filename="D:\Projetos\Azure\Cerebello\packages\System.Web.Providers.1.0.1\lib\Net40\System.Web.Providers.dll" />
      <DeploymentItem filename="C:\Program Files (x86)\Microsoft ASP.NET\ASP.NET Web Pages\v1.0\Assemblies\System.Web.Razor.dll" />
      <DeploymentItem filename="D:\Projetos\ThirdParty\Bin\iTextShap\itextsharp-dll-xtra-5.1.3\itextsharp.xtra.dll" />
      <DeploymentItem filename="D:\Projetos\Azure\Cerebello\CerebelloWebRole\bin\CerebelloWebRole.dll" />
      <DeploymentItem filename="D:\Projetos\Azure\Cerebello\Cerebello.Firestarter\bin\Debug\Cerebello.Firestarter.exe" />
      <DeploymentItem filename="C:\Program Files (x86)\Microsoft ASP.NET\ASP.NET Web Pages\v1.0\Assemblies\System.Web.WebPages.Razor.dll" />
      <DeploymentItem filename="D:\Projetos\Library\CommonLib\bin\Debug\CommonLib.dll" />
    </Deployment>
    <Execution>
      <TestTypeSpecific />
      <AgentRule name="Execution Agents">
      </AgentRule>
    </Execution>
  </TestSettings>
  <Times creation="2012-04-14T19:01:46.9683666-03:00" queuing="2012-04-14T19:01:47.0463667-03:00" start="2012-04-14T19:01:47.0775668-03:00" finish="2012-04-14T19:02:05.9692000-03:00" />
  <ResultSummary outcome="Error">
    <Counters total="19" executed="19" passed="17" error="0" failed="2" timeout="0" aborted="0" inconclusive="0" passedButRunAborted="0" notRunnable="0" notExecuted="0" disconnected="0" warning="0" completed="0" inProgress="0" pending="0" />
    <RunInfos>
      <RunInfo computerName="ANDRE-PC" outcome="Error" timestamp="2012-04-14T19:02:05.9379999-03:00">
        <Text>Class Cleanup method ModelMedicalCertificateControllerTests.ClassCleanup failed. Error Message: System.Data.SqlClient.SqlException: The database 'CerebelloTEST' does not exist. Supply a valid database name. To see available databases, use sys.databases. . Stack Trace:     at System.Data.SqlClient.SqlConnection.OnError(SqlException exception, Boolean breakConnection)
   at System.Data.SqlClient.SqlInternalConnection.OnError(SqlException exception, Boolean breakConnection)
   at System.Data.SqlClient.TdsParser.ThrowExceptionAndWarning()
   at System.Data.SqlClient.TdsParser.Run(RunBehavior runBehavior, SqlCommand cmdHandler, SqlDataReader dataStream, BulkCopySimpleResultSet bulkCopyHandler, TdsParserStateObject stateObj)
   at System.Data.SqlClient.SqlCommand.RunExecuteNonQueryTds(String methodName, Boolean async)
   at System.Data.SqlClient.SqlCommand.InternalExecuteNonQuery(DbAsyncResult result, String methodName, Boolean sendToPipe)
   at System.Data.SqlClient.SqlCommand.ExecuteNonQuery()
   at CerebelloWebRole.Tests.DatabaseHelper.DetachCerebelloTestDatabase() in D:\Projetos\Azure\Cerebello\CerebelloWebRole.Tests\DatabaseHelper.cs:line 86
   at CerebelloWebRole.Tests.ModelMedicalCertificateControllerTests.ClassCleanup() in D:\Projetos\Azure\Cerebello\CerebelloWebRole.Tests\Tests\ModelMedicalCertificateControllerTests.cs:line 39
</Text>
      </RunInfo>
      <RunInfo computerName="ANDRE-PC" outcome="Error" timestamp="2012-04-14T19:02:05.9535999-03:00">
        <Text>Class Cleanup method AnamnesesControllerTests.ClassCleanup failed. Error Message: System.Data.SqlClient.SqlException: The database 'CerebelloTEST' does not exist. Supply a valid database name. To see available databases, use sys.databases. . Stack Trace:     at System.Data.SqlClient.SqlConnection.OnError(SqlException exception, Boolean breakConnection)
   at System.Data.SqlClient.SqlInternalConnection.OnError(SqlException exception, Boolean breakConnection)
   at System.Data.SqlClient.TdsParser.ThrowExceptionAndWarning()
   at System.Data.SqlClient.TdsParser.Run(RunBehavior runBehavior, SqlCommand cmdHandler, SqlDataReader dataStream, BulkCopySimpleResultSet bulkCopyHandler, TdsParserStateObject stateObj)
   at System.Data.SqlClient.SqlCommand.RunExecuteNonQueryTds(String methodName, Boolean async)
   at System.Data.SqlClient.SqlCommand.InternalExecuteNonQuery(DbAsyncResult result, String methodName, Boolean sendToPipe)
   at System.Data.SqlClient.SqlCommand.ExecuteNonQuery()
   at CerebelloWebRole.Tests.DatabaseHelper.DetachCerebelloTestDatabase() in D:\Projetos\Azure\Cerebello\CerebelloWebRole.Tests\DatabaseHelper.cs:line 86
   at CerebelloWebRole.Tests.AnamnesesControllerTests.ClassCleanup() in D:\Projetos\Azure\Cerebello\CerebelloWebRole.Tests\Tests\AnamnesesControllerTests.cs:line 30
</Text>
      </RunInfo>
    </RunInfos>
  </ResultSummary>
  <TestDefinitions>
    <UnitTest name="Edit_1_CannotSaveWithInvalidModelId" storage="d:\projetos\azure\cerebello\cerebellowebrole.tests\bin\debug\cerebellowebrole.tests.dll" id="ebf3e47b-d14a-7c74-dc98-2b6cbaf08fbd">
      <Execution id="05c309f8-7596-4e13-8f37-5331513d77a9" />
      <TestMethod codeBase="D:/Projetos/Azure/Cerebello/CerebelloWebRole.Tests/bin/Debug/CerebelloWebRole.Tests.DLL" adapterTypeName="Microsoft.VisualStudio.TestTools.TestTypes.Unit.UnitTestAdapter, Microsoft.VisualStudio.QualityTools.Tips.UnitTest.Adapter, Version=10.0.0.0, Culture=neutral, PublicKeyToken=b03f5f7f11d50a3a" className="CerebelloWebRole.Tests.MedicalCertificatesControllerTests, CerebelloWebRole.Tests, Version=1.0.0.0, Culture=neutral, PublicKeyToken=null" name="Edit_1_CannotSaveWithInvalidModelId" />
    </UnitTest>
    <UnitTest name="Edit_New_HappyPath" storage="d:\projetos\azure\cerebello\cerebellowebrole.tests\bin\debug\cerebellowebrole.tests.dll" id="3ade3956-00aa-d0a4-1abf-f65910587805">
      <Execution id="b9b7c6ba-de04-4dcb-a799-4e2d146352c8" />
      <TestMethod codeBase="D:/Projetos/Azure/Cerebello/CerebelloWebRole.Tests/bin/Debug/CerebelloWebRole.Tests.DLL" adapterTypeName="Microsoft.VisualStudio.TestTools.TestTypes.Unit.UnitTestAdapter, Microsoft.VisualStudio.QualityTools.Tips.UnitTest.Adapter, Version=10.0.0.0, Culture=neutral, PublicKeyToken=b03f5f7f11d50a3a" className="CerebelloWebRole.Tests.ModelMedicalCertificateControllerTests, CerebelloWebRole.Tests, Version=1.0.0.0, Culture=neutral, PublicKeyToken=null" name="Edit_New_HappyPath" />
    </UnitTest>
    <UnitTest name="Edit_4_AllFieldsInTheTextMustBeDeclaredWithTheExceptionOfPatient" storage="d:\projetos\azure\cerebello\cerebellowebrole.tests\bin\debug\cerebellowebrole.tests.dll" id="a9c2d8ef-8ba3-864f-6ea6-4ddc26091c80">
      <Execution id="4bca6d40-0356-4c21-b536-a17b5f2390ff" />
      <TestMethod codeBase="D:/Projetos/Azure/Cerebello/CerebelloWebRole.Tests/bin/Debug/CerebelloWebRole.Tests.DLL" adapterTypeName="Microsoft.VisualStudio.TestTools.TestTypes.Unit.UnitTestAdapter, Microsoft.VisualStudio.QualityTools.Tips.UnitTest.Adapter, Version=10.0.0.0, Culture=neutral, PublicKeyToken=b03f5f7f11d50a3a" className="CerebelloWebRole.Tests.ModelMedicalCertificateControllerTests, CerebelloWebRole.Tests, Version=1.0.0.0, Culture=neutral, PublicKeyToken=null" name="Edit_4_AllFieldsInTheTextMustBeDeclaredWithTheExceptionOfPatient" />
    </UnitTest>
    <UnitTest name="Edit_5_CanSaveAllFieldsWhenModelDoesNotExist" storage="d:\projetos\azure\cerebello\cerebellowebrole.tests\bin\debug\cerebellowebrole.tests.dll" id="8ad46afa-eca0-79c4-56f7-49478b8f2eb0">
      <Execution id="50882793-aefd-4498-aa86-64008faba9f3" />
      <TestMethod codeBase="D:/Projetos/Azure/Cerebello/CerebelloWebRole.Tests/bin/Debug/CerebelloWebRole.Tests.DLL" adapterTypeName="Microsoft.VisualStudio.TestTools.TestTypes.Unit.UnitTestAdapter, Microsoft.VisualStudio.QualityTools.Tips.UnitTest.Adapter, Version=10.0.0.0, Culture=neutral, PublicKeyToken=b03f5f7f11d50a3a" className="CerebelloWebRole.Tests.MedicalCertificatesControllerTests, CerebelloWebRole.Tests, Version=1.0.0.0, Culture=neutral, PublicKeyToken=null" name="Edit_5_CanSaveAllFieldsWhenModelDoesNotExist" />
    </UnitTest>
    <UnitTest name="Edit_5_CanProperlyCreateModelWithNoFields" storage="d:\projetos\azure\cerebello\cerebellowebrole.tests\bin\debug\cerebellowebrole.tests.dll" id="da6ff516-a175-cf7e-1426-3150ac2dd6f1">
      <Execution id="f1c2c2e9-3ca1-4464-bc92-e2ed4bc5d37f" />
      <TestMethod codeBase="D:/Projetos/Azure/Cerebello/CerebelloWebRole.Tests/bin/Debug/CerebelloWebRole.Tests.DLL" adapterTypeName="Microsoft.VisualStudio.TestTools.TestTypes.Unit.UnitTestAdapter, Microsoft.VisualStudio.QualityTools.Tips.UnitTest.Adapter, Version=10.0.0.0, Culture=neutral, PublicKeyToken=b03f5f7f11d50a3a" className="CerebelloWebRole.Tests.ModelMedicalCertificateControllerTests, CerebelloWebRole.Tests, Version=1.0.0.0, Culture=neutral, PublicKeyToken=null" name="Edit_5_CanProperlyCreateModelWithNoFields" />
    </UnitTest>
    <UnitTest name="Delete_HappyPath" storage="d:\projetos\azure\cerebello\cerebellowebrole.tests\bin\debug\cerebellowebrole.tests.dll" id="726a5bb4-9b7c-e7ec-a2fe-831bc4b50f36">
      <Execution id="4a6d1123-a96c-4100-9e1e-a36e3bb0264e" />
      <TestMethod codeBase="D:/Projetos/Azure/Cerebello/CerebelloWebRole.Tests/bin/Debug/CerebelloWebRole.Tests.DLL" adapterTypeName="Microsoft.VisualStudio.TestTools.TestTypes.Unit.UnitTestAdapter, Microsoft.VisualStudio.QualityTools.Tips.UnitTest.Adapter, Version=10.0.0.0, Culture=neutral, PublicKeyToken=b03f5f7f11d50a3a" className="CerebelloWebRole.Tests.ModelMedicalCertificateControllerTests, CerebelloWebRole.Tests, Version=1.0.0.0, Culture=neutral, PublicKeyToken=null" name="Delete_HappyPath" />
    </UnitTest>
    <UnitTest name="Edit_1_CannotAddFieldWithNotAllowedCharacters" storage="d:\projetos\azure\cerebello\cerebellowebrole.tests\bin\debug\cerebellowebrole.tests.dll" id="f7dc56dc-f7ad-b300-031a-f461b1d69216">
      <Execution id="19a990a6-a0c8-4af7-b155-de3837601350" />
      <TestMethod codeBase="D:/Projetos/Azure/Cerebello/CerebelloWebRole.Tests/bin/Debug/CerebelloWebRole.Tests.DLL" adapterTypeName="Microsoft.VisualStudio.TestTools.TestTypes.Unit.UnitTestAdapter, Microsoft.VisualStudio.QualityTools.Tips.UnitTest.Adapter, Version=10.0.0.0, Culture=neutral, PublicKeyToken=b03f5f7f11d50a3a" className="CerebelloWebRole.Tests.ModelMedicalCertificateControllerTests, CerebelloWebRole.Tests, Version=1.0.0.0, Culture=neutral, PublicKeyToken=null" name="Edit_1_CannotAddFieldWithNotAllowedCharacters" />
    </UnitTest>
    <UnitTest name="Edit_HappyPath" storage="d:\projetos\azure\cerebello\cerebellowebrole.tests\bin\debug\cerebellowebrole.tests.dll" id="2991ac51-0559-0a18-e396-d1c6f83abee5">
      <Execution id="151665af-fccc-4704-b351-a87d6b090cd7" />
      <TestMethod codeBase="D:/Projetos/Azure/Cerebello/CerebelloWebRole.Tests/bin/Debug/CerebelloWebRole.Tests.DLL" adapterTypeName="Microsoft.VisualStudio.TestTools.TestTypes.Unit.UnitTestAdapter, Microsoft.VisualStudio.QualityTools.Tips.UnitTest.Adapter, Version=10.0.0.0, Culture=neutral, PublicKeyToken=b03f5f7f11d50a3a" className="CerebelloWebRole.Tests.MedicalCertificatesControllerTests, CerebelloWebRole.Tests, Version=1.0.0.0, Culture=neutral, PublicKeyToken=null" name="Edit_HappyPath" />
    </UnitTest>
    <UnitTest name="Edit_2_CannotSaveWithInvalidPatient" storage="d:\projetos\azure\cerebello\cerebellowebrole.tests\bin\debug\cerebellowebrole.tests.dll" id="c646ae78-61a8-6b7f-04dd-4875a2e65d3a">
      <Execution id="63870bfc-6211-4786-894c-73d769490a5b" />
      <TestMethod codeBase="D:/Projetos/Azure/Cerebello/CerebelloWebRole.Tests/bin/Debug/CerebelloWebRole.Tests.DLL" adapterTypeName="Microsoft.VisualStudio.TestTools.TestTypes.Unit.UnitTestAdapter, Microsoft.VisualStudio.QualityTools.Tips.UnitTest.Adapter, Version=10.0.0.0, Culture=neutral, PublicKeyToken=b03f5f7f11d50a3a" className="CerebelloWebRole.Tests.MedicalCertificatesControllerTests, CerebelloWebRole.Tests, Version=1.0.0.0, Culture=neutral, PublicKeyToken=null" name="Edit_2_CannotSaveWithInvalidPatient" />
    </UnitTest>
    <UnitTest name="Delete_HappyPath" storage="d:\projetos\azure\cerebello\cerebellowebrole.tests\bin\debug\cerebellowebrole.tests.dll" id="2d97d549-56fe-0637-6441-464f76f05c69">
      <Execution id="0dff08c9-0b69-427b-ba82-b032bc5ae643" />
      <TestMethod codeBase="D:/Projetos/Azure/Cerebello/CerebelloWebRole.Tests/bin/Debug/CerebelloWebRole.Tests.DLL" adapterTypeName="Microsoft.VisualStudio.TestTools.TestTypes.Unit.UnitTestAdapter, Microsoft.VisualStudio.QualityTools.Tips.UnitTest.Adapter, Version=10.0.0.0, Culture=neutral, PublicKeyToken=b03f5f7f11d50a3a" className="CerebelloWebRole.Tests.MedicalCertificatesControllerTests, CerebelloWebRole.Tests, Version=1.0.0.0, Culture=neutral, PublicKeyToken=null" name="Delete_HappyPath" />
    </UnitTest>
    <UnitTest name="Edit_4_AllFieldsInTheTextMustBeDeclared" storage="d:\projetos\azure\cerebello\cerebellowebrole.tests\bin\debug\cerebellowebrole.tests.dll" id="f7a445b4-027e-bd35-529e-6c76d0124a9f">
      <Execution id="1dd7a85e-860b-47bf-a1b4-7392491fd09a" />
      <TestMethod codeBase="D:/Projetos/Azure/Cerebello/CerebelloWebRole.Tests/bin/Debug/CerebelloWebRole.Tests.DLL" adapterTypeName="Microsoft.VisualStudio.TestTools.TestTypes.Unit.UnitTestAdapter, Microsoft.VisualStudio.QualityTools.Tips.UnitTest.Adapter, Version=10.0.0.0, Culture=neutral, PublicKeyToken=b03f5f7f11d50a3a" className="CerebelloWebRole.Tests.ModelMedicalCertificateControllerTests, CerebelloWebRole.Tests, Version=1.0.0.0, Culture=neutral, PublicKeyToken=null" name="Edit_4_AllFieldsInTheTextMustBeDeclared" />
    </UnitTest>
    <UnitTest name="Edit_3_CannotSaveWithInvalidModelIdAndId" storage="d:\projetos\azure\cerebello\cerebellowebrole.tests\bin\debug\cerebellowebrole.tests.dll" id="be5c3fd0-b537-a2f6-1213-29c231a57f6f">
      <Execution id="51c55900-77c8-45a4-911e-025db0937dd5" />
      <TestMethod codeBase="D:/Projetos/Azure/Cerebello/CerebelloWebRole.Tests/bin/Debug/CerebelloWebRole.Tests.DLL" adapterTypeName="Microsoft.VisualStudio.TestTools.TestTypes.Unit.UnitTestAdapter, Microsoft.VisualStudio.QualityTools.Tips.UnitTest.Adapter, Version=10.0.0.0, Culture=neutral, PublicKeyToken=b03f5f7f11d50a3a" className="CerebelloWebRole.Tests.MedicalCertificatesControllerTests, CerebelloWebRole.Tests, Version=1.0.0.0, Culture=neutral, PublicKeyToken=null" name="Edit_3_CannotSaveWithInvalidModelIdAndId" />
    </UnitTest>
    <UnitTest name="Edit_1_CreateIfItDoesntExist" storage="d:\projetos\azure\cerebello\cerebellowebrole.tests\bin\debug\cerebellowebrole.tests.dll" id="b17a794d-9843-f1d9-6c87-beeeb8c3629e">
      <Execution id="a845644e-89e2-459a-bb4a-cf79a255940f" />
      <TestMethod codeBase="D:/Projetos/Azure/Cerebello/CerebelloWebRole.Tests/bin/Debug/CerebelloWebRole.Tests.DLL" adapterTypeName="Microsoft.VisualStudio.TestTools.TestTypes.Unit.UnitTestAdapter, Microsoft.VisualStudio.QualityTools.Tips.UnitTest.Adapter, Version=10.0.0.0, Culture=neutral, PublicKeyToken=b03f5f7f11d50a3a" className="CerebelloWebRole.Tests.AnamnesesControllerTests, CerebelloWebRole.Tests, Version=1.0.0.0, Culture=neutral, PublicKeyToken=null" name="Edit_1_CreateIfItDoesntExist" />
    </UnitTest>
    <UnitTest name="GetCertificateText_HappyPath" storage="d:\projetos\azure\cerebello\cerebellowebrole.tests\bin\debug\cerebellowebrole.tests.dll" id="6b210cc2-df8e-72e7-9de4-ed61a7d5644e">
      <Execution id="330614f4-b832-4b0c-ab4b-2eb6b7ed4994" />
      <TestMethod codeBase="D:/Projetos/Azure/Cerebello/CerebelloWebRole.Tests/bin/Debug/CerebelloWebRole.Tests.DLL" adapterTypeName="Microsoft.VisualStudio.TestTools.TestTypes.Unit.UnitTestAdapter, Microsoft.VisualStudio.QualityTools.Tips.UnitTest.Adapter, Version=10.0.0.0, Culture=neutral, PublicKeyToken=b03f5f7f11d50a3a" className="CerebelloWebRole.Tests.MedicalCertificatesControllerTests, CerebelloWebRole.Tests, Version=1.0.0.0, Culture=neutral, PublicKeyToken=null" name="GetCertificateText_HappyPath" />
    </UnitTest>
    <UnitTest name="Edit_3_AllDeclaredFieldsMustBeReferenced" storage="d:\projetos\azure\cerebello\cerebellowebrole.tests\bin\debug\cerebellowebrole.tests.dll" id="4b41cbeb-89e7-e429-8520-393b7037c042">
      <Execution id="d0663e73-a824-4daa-92cc-8e9f551cb397" />
      <TestMethod codeBase="D:/Projetos/Azure/Cerebello/CerebelloWebRole.Tests/bin/Debug/CerebelloWebRole.Tests.DLL" adapterTypeName="Microsoft.VisualStudio.TestTools.TestTypes.Unit.UnitTestAdapter, Microsoft.VisualStudio.QualityTools.Tips.UnitTest.Adapter, Version=10.0.0.0, Culture=neutral, PublicKeyToken=b03f5f7f11d50a3a" className="CerebelloWebRole.Tests.ModelMedicalCertificateControllerTests, CerebelloWebRole.Tests, Version=1.0.0.0, Culture=neutral, PublicKeyToken=null" name="Edit_3_AllDeclaredFieldsMustBeReferenced" />
    </UnitTest>
    <UnitTest name="Edit_2_CannotUseMalformedPlaceHolders" storage="d:\projetos\azure\cerebello\cerebellowebrole.tests\bin\debug\cerebellowebrole.tests.dll" id="247b13e5-656a-2369-c034-0cbe7e55f868">
      <Execution id="df68dbe7-1af0-4820-89c2-5bdf58bd5b89" />
      <TestMethod codeBase="D:/Projetos/Azure/Cerebello/CerebelloWebRole.Tests/bin/Debug/CerebelloWebRole.Tests.DLL" adapterTypeName="Microsoft.VisualStudio.TestTools.TestTypes.Unit.UnitTestAdapter, Microsoft.VisualStudio.QualityTools.Tips.UnitTest.Adapter, Version=10.0.0.0, Culture=neutral, PublicKeyToken=b03f5f7f11d50a3a" className="CerebelloWebRole.Tests.ModelMedicalCertificateControllerTests, CerebelloWebRole.Tests, Version=1.0.0.0, Culture=neutral, PublicKeyToken=null" name="Edit_2_CannotUseMalformedPlaceHolders" />
    </UnitTest>
    <UnitTest name="Edit_2_SymptomsThatExistMustBeReferenced" storage="d:\projetos\azure\cerebello\cerebellowebrole.tests\bin\debug\cerebellowebrole.tests.dll" id="d1e32f09-1346-5fe3-495a-5fffef038602">
      <Execution id="df861478-7471-430c-97a6-6a65fd79f538" />
      <TestMethod codeBase="D:/Projetos/Azure/Cerebello/CerebelloWebRole.Tests/bin/Debug/CerebelloWebRole.Tests.DLL" adapterTypeName="Microsoft.VisualStudio.TestTools.TestTypes.Unit.UnitTestAdapter, Microsoft.VisualStudio.QualityTools.Tips.UnitTest.Adapter, Version=10.0.0.0, Culture=neutral, PublicKeyToken=b03f5f7f11d50a3a" className="CerebelloWebRole.Tests.AnamnesesControllerTests, CerebelloWebRole.Tests, Version=1.0.0.0, Culture=neutral, PublicKeyToken=null" name="Edit_2_SymptomsThatExistMustBeReferenced" />
    </UnitTest>
    <UnitTest name="Edit_4_CannotSaveACertificateWithInvalidFields" storage="d:\projetos\azure\cerebello\cerebellowebrole.tests\bin\debug\cerebellowebrole.tests.dll" id="2226a31a-b073-3995-dc8a-d66d152dfc43">
      <Execution id="aa76753f-1d8d-4996-aa3b-e746dca21dfc" />
      <TestMethod codeBase="D:/Projetos/Azure/Cerebello/CerebelloWebRole.Tests/bin/Debug/CerebelloWebRole.Tests.DLL" adapterTypeName="Microsoft.VisualStudio.TestTools.TestTypes.Unit.UnitTestAdapter, Microsoft.VisualStudio.QualityTools.Tips.UnitTest.Adapter, Version=10.0.0.0, Culture=neutral, PublicKeyToken=b03f5f7f11d50a3a" className="CerebelloWebRole.Tests.MedicalCertificatesControllerTests, CerebelloWebRole.Tests, Version=1.0.0.0, Culture=neutral, PublicKeyToken=null" name="Edit_4_CannotSaveACertificateWithInvalidFields" />
    </UnitTest>
    <UnitTest name="Edit_Existing_HappyPath" storage="d:\projetos\azure\cerebello\cerebellowebrole.tests\bin\debug\cerebellowebrole.tests.dll" id="d6022e27-9611-eb2e-ec54-245d47e99307">
      <Execution id="06cc60ff-d5e4-4e0f-9725-d27ce80f1902" />
      <TestMethod codeBase="D:/Projetos/Azure/Cerebello/CerebelloWebRole.Tests/bin/Debug/CerebelloWebRole.Tests.DLL" adapterTypeName="Microsoft.VisualStudio.TestTools.TestTypes.Unit.UnitTestAdapter, Microsoft.VisualStudio.QualityTools.Tips.UnitTest.Adapter, Version=10.0.0.0, Culture=neutral, PublicKeyToken=b03f5f7f11d50a3a" className="CerebelloWebRole.Tests.ModelMedicalCertificateControllerTests, CerebelloWebRole.Tests, Version=1.0.0.0, Culture=neutral, PublicKeyToken=null" name="Edit_Existing_HappyPath" />
    </UnitTest>
  </TestDefinitions>
  <TestLists>
    <TestList name="Results Not in a List" id="8c84fa94-04c1-424b-9868-57a2d4851a1d" />
    <TestList name="All Loaded Results" id="19431567-8539-422a-85d7-44ee4e166bda" />
  </TestLists>
  <TestEntries>
    <TestEntry testId="2226a31a-b073-3995-dc8a-d66d152dfc43" executionId="aa76753f-1d8d-4996-aa3b-e746dca21dfc" testListId="8c84fa94-04c1-424b-9868-57a2d4851a1d" />
    <TestEntry testId="247b13e5-656a-2369-c034-0cbe7e55f868" executionId="df68dbe7-1af0-4820-89c2-5bdf58bd5b89" testListId="8c84fa94-04c1-424b-9868-57a2d4851a1d" />
    <TestEntry testId="2991ac51-0559-0a18-e396-d1c6f83abee5" executionId="151665af-fccc-4704-b351-a87d6b090cd7" testListId="8c84fa94-04c1-424b-9868-57a2d4851a1d" />
    <TestEntry testId="2d97d549-56fe-0637-6441-464f76f05c69" executionId="0dff08c9-0b69-427b-ba82-b032bc5ae643" testListId="8c84fa94-04c1-424b-9868-57a2d4851a1d" />
    <TestEntry testId="3ade3956-00aa-d0a4-1abf-f65910587805" executionId="b9b7c6ba-de04-4dcb-a799-4e2d146352c8" testListId="8c84fa94-04c1-424b-9868-57a2d4851a1d" />
    <TestEntry testId="4b41cbeb-89e7-e429-8520-393b7037c042" executionId="d0663e73-a824-4daa-92cc-8e9f551cb397" testListId="8c84fa94-04c1-424b-9868-57a2d4851a1d" />
    <TestEntry testId="6b210cc2-df8e-72e7-9de4-ed61a7d5644e" executionId="330614f4-b832-4b0c-ab4b-2eb6b7ed4994" testListId="8c84fa94-04c1-424b-9868-57a2d4851a1d" />
    <TestEntry testId="726a5bb4-9b7c-e7ec-a2fe-831bc4b50f36" executionId="4a6d1123-a96c-4100-9e1e-a36e3bb0264e" testListId="8c84fa94-04c1-424b-9868-57a2d4851a1d" />
    <TestEntry testId="8ad46afa-eca0-79c4-56f7-49478b8f2eb0" executionId="50882793-aefd-4498-aa86-64008faba9f3" testListId="8c84fa94-04c1-424b-9868-57a2d4851a1d" />
    <TestEntry testId="a9c2d8ef-8ba3-864f-6ea6-4ddc26091c80" executionId="4bca6d40-0356-4c21-b536-a17b5f2390ff" testListId="8c84fa94-04c1-424b-9868-57a2d4851a1d" />
    <TestEntry testId="b17a794d-9843-f1d9-6c87-beeeb8c3629e" executionId="a845644e-89e2-459a-bb4a-cf79a255940f" testListId="8c84fa94-04c1-424b-9868-57a2d4851a1d" />
    <TestEntry testId="be5c3fd0-b537-a2f6-1213-29c231a57f6f" executionId="51c55900-77c8-45a4-911e-025db0937dd5" testListId="8c84fa94-04c1-424b-9868-57a2d4851a1d" />
    <TestEntry testId="c646ae78-61a8-6b7f-04dd-4875a2e65d3a" executionId="63870bfc-6211-4786-894c-73d769490a5b" testListId="8c84fa94-04c1-424b-9868-57a2d4851a1d" />
    <TestEntry testId="d1e32f09-1346-5fe3-495a-5fffef038602" executionId="df861478-7471-430c-97a6-6a65fd79f538" testListId="8c84fa94-04c1-424b-9868-57a2d4851a1d" />
    <TestEntry testId="d6022e27-9611-eb2e-ec54-245d47e99307" executionId="06cc60ff-d5e4-4e0f-9725-d27ce80f1902" testListId="8c84fa94-04c1-424b-9868-57a2d4851a1d" />
    <TestEntry testId="da6ff516-a175-cf7e-1426-3150ac2dd6f1" executionId="f1c2c2e9-3ca1-4464-bc92-e2ed4bc5d37f" testListId="8c84fa94-04c1-424b-9868-57a2d4851a1d" />
    <TestEntry testId="ebf3e47b-d14a-7c74-dc98-2b6cbaf08fbd" executionId="05c309f8-7596-4e13-8f37-5331513d77a9" testListId="8c84fa94-04c1-424b-9868-57a2d4851a1d" />
    <TestEntry testId="f7a445b4-027e-bd35-529e-6c76d0124a9f" executionId="1dd7a85e-860b-47bf-a1b4-7392491fd09a" testListId="8c84fa94-04c1-424b-9868-57a2d4851a1d" />
    <TestEntry testId="f7dc56dc-f7ad-b300-031a-f461b1d69216" executionId="19a990a6-a0c8-4af7-b155-de3837601350" testListId="8c84fa94-04c1-424b-9868-57a2d4851a1d" />
  </TestEntries>
  <Results>
    <UnitTestResult executionId="aa76753f-1d8d-4996-aa3b-e746dca21dfc" testId="2226a31a-b073-3995-dc8a-d66d152dfc43" testName="Edit_4_CannotSaveACertificateWithInvalidFields" computerName="ANDRE-PC" duration="00:00:02.6657726" startTime="2012-04-14T19:01:47.1087668-03:00" endTime="2012-04-14T19:01:50.0883721-03:00" testType="13cdc9d9-ddb5-4fa4-a97d-d965ccfc6d4b" outcome="Passed" testListId="8c84fa94-04c1-424b-9868-57a2d4851a1d" relativeResultsDirectory="aa76753f-1d8d-4996-aa3b-e746dca21dfc">
    </UnitTestResult>
    <UnitTestResult executionId="df68dbe7-1af0-4820-89c2-5bdf58bd5b89" testId="247b13e5-656a-2369-c034-0cbe7e55f868" testName="Edit_2_CannotUseMalformedPlaceHolders" computerName="ANDRE-PC" duration="00:00:00.6466002" startTime="2012-04-14T19:01:50.0883721-03:00" endTime="2012-04-14T19:01:50.7435732-03:00" testType="13cdc9d9-ddb5-4fa4-a97d-d965ccfc6d4b" outcome="Passed" testListId="8c84fa94-04c1-424b-9868-57a2d4851a1d" relativeResultsDirectory="df68dbe7-1af0-4820-89c2-5bdf58bd5b89">
    </UnitTestResult>
    <UnitTestResult executionId="151665af-fccc-4704-b351-a87d6b090cd7" testId="2991ac51-0559-0a18-e396-d1c6f83abee5" testName="Edit_HappyPath" computerName="ANDRE-PC" duration="00:00:00.9992968" startTime="2012-04-14T19:01:50.7591732-03:00" endTime="2012-04-14T19:01:51.7575750-03:00" testType="13cdc9d9-ddb5-4fa4-a97d-d965ccfc6d4b" outcome="Passed" testListId="8c84fa94-04c1-424b-9868-57a2d4851a1d" relativeResultsDirectory="151665af-fccc-4704-b351-a87d6b090cd7">
    </UnitTestResult>
    <UnitTestResult executionId="0dff08c9-0b69-427b-ba82-b032bc5ae643" testId="2d97d549-56fe-0637-6441-464f76f05c69" testName="Delete_HappyPath" computerName="ANDRE-PC" duration="00:00:01.0395422" startTime="2012-04-14T19:01:51.7575750-03:00" endTime="2012-04-14T19:01:52.8183769-03:00" testType="13cdc9d9-ddb5-4fa4-a97d-d965ccfc6d4b" outcome="Passed" testListId="8c84fa94-04c1-424b-9868-57a2d4851a1d" relativeResultsDirectory="0dff08c9-0b69-427b-ba82-b032bc5ae643">
    </UnitTestResult>
    <UnitTestResult executionId="b9b7c6ba-de04-4dcb-a799-4e2d146352c8" testId="3ade3956-00aa-d0a4-1abf-f65910587805" testName="Edit_New_HappyPath" computerName="ANDRE-PC" duration="00:00:00.8408275" startTime="2012-04-14T19:01:52.8183769-03:00" endTime="2012-04-14T19:01:53.6607783-03:00" testType="13cdc9d9-ddb5-4fa4-a97d-d965ccfc6d4b" outcome="Passed" testListId="8c84fa94-04c1-424b-9868-57a2d4851a1d" relativeResultsDirectory="b9b7c6ba-de04-4dcb-a799-4e2d146352c8">
    </UnitTestResult>
    <UnitTestResult executionId="d0663e73-a824-4daa-92cc-8e9f551cb397" testId="4b41cbeb-89e7-e429-8520-393b7037c042" testName="Edit_3_AllDeclaredFieldsMustBeReferenced" computerName="ANDRE-PC" duration="00:00:00.8160589" startTime="2012-04-14T19:01:53.6607783-03:00" endTime="2012-04-14T19:01:54.4875798-03:00" testType="13cdc9d9-ddb5-4fa4-a97d-d965ccfc6d4b" outcome="Passed" testListId="8c84fa94-04c1-424b-9868-57a2d4851a1d" relativeResultsDirectory="d0663e73-a824-4daa-92cc-8e9f551cb397">
    </UnitTestResult>
    <UnitTestResult executionId="330614f4-b832-4b0c-ab4b-2eb6b7ed4994" testId="6b210cc2-df8e-72e7-9de4-ed61a7d5644e" testName="GetCertificateText_HappyPath" computerName="ANDRE-PC" duration="00:00:01.0955442" startTime="2012-04-14T19:01:54.4875798-03:00" endTime="2012-04-14T19:01:55.5951817-03:00" testType="13cdc9d9-ddb5-4fa4-a97d-d965ccfc6d4b" outcome="Passed" testListId="8c84fa94-04c1-424b-9868-57a2d4851a1d" relativeResultsDirectory="330614f4-b832-4b0c-ab4b-2eb6b7ed4994">
    </UnitTestResult>
    <UnitTestResult executionId="4a6d1123-a96c-4100-9e1e-a36e3bb0264e" testId="726a5bb4-9b7c-e7ec-a2fe-831bc4b50f36" testName="Delete_HappyPath" computerName="ANDRE-PC" duration="00:00:00.7018233" startTime="2012-04-14T19:01:55.5951817-03:00" endTime="2012-04-14T19:01:56.3127830-03:00" testType="13cdc9d9-ddb5-4fa4-a97d-d965ccfc6d4b" outcome="Passed" testListId="8c84fa94-04c1-424b-9868-57a2d4851a1d" relativeResultsDirectory="4a6d1123-a96c-4100-9e1e-a36e3bb0264e">
    </UnitTestResult>
    <UnitTestResult executionId="50882793-aefd-4498-aa86-64008faba9f3" testId="8ad46afa-eca0-79c4-56f7-49478b8f2eb0" testName="Edit_5_CanSaveAllFieldsWhenModelDoesNotExist" computerName="ANDRE-PC" duration="00:00:01.0673951" startTime="2012-04-14T19:01:56.3127830-03:00" endTime="2012-04-14T19:01:57.3891849-03:00" testType="13cdc9d9-ddb5-4fa4-a97d-d965ccfc6d4b" outcome="Passed" testListId="8c84fa94-04c1-424b-9868-57a2d4851a1d" relativeResultsDirectory="50882793-aefd-4498-aa86-64008faba9f3">
    </UnitTestResult>
    <UnitTestResult executionId="4bca6d40-0356-4c21-b536-a17b5f2390ff" testId="a9c2d8ef-8ba3-864f-6ea6-4ddc26091c80" testName="Edit_4_AllFieldsInTheTextMustBeDeclaredWithTheExceptionOfPatient" computerName="ANDRE-PC" duration="00:00:00.5576006" startTime="2012-04-14T19:01:57.3891849-03:00" endTime="2012-04-14T19:01:57.9507859-03:00" testType="13cdc9d9-ddb5-4fa4-a97d-d965ccfc6d4b" outcome="Passed" testListId="8c84fa94-04c1-424b-9868-57a2d4851a1d" relativeResultsDirectory="4bca6d40-0356-4c21-b536-a17b5f2390ff">
    </UnitTestResult>
    <UnitTestResult executionId="a845644e-89e2-459a-bb4a-cf79a255940f" testId="b17a794d-9843-f1d9-6c87-beeeb8c3629e" testName="Edit_1_CreateIfItDoesntExist" computerName="ANDRE-PC" duration="00:00:00.9480620" startTime="2012-04-14T19:01:57.9507859-03:00" endTime="2012-04-14T19:01:58.9179876-03:00" testType="13cdc9d9-ddb5-4fa4-a97d-d965ccfc6d4b" outcome="Failed" testListId="8c84fa94-04c1-424b-9868-57a2d4851a1d" relativeResultsDirectory="a845644e-89e2-459a-bb4a-cf79a255940f">
      <Output>
        <ErrorInfo>
          <Message>Test method CerebelloWebRole.Tests.AnamnesesControllerTests.Edit_1_CreateIfItDoesntExist threw exception: 
System.Data.UpdateException: Unable to update the EntitySet 'AnamneseSymptoms' because it has a DefiningQuery and no &lt;InsertFunction&gt; element exists in the &lt;ModificationFunctionMapping&gt; element to support the current operation.</Message>
          <StackTrace>    at System.Data.SqlClient.SqlGen.DmlSqlGenerator.ExpressionTranslator.Visit(DbScanExpression expression)
   at System.Data.Common.CommandTrees.DbScanExpression.Accept(DbExpressionVisitor visitor)
   at System.Data.SqlClient.SqlGen.DmlSqlGenerator.GenerateInsertSql(DbInsertCommandTree tree, SqlVersion sqlVersion, List`1&amp; parameters)
   at System.Data.SqlClient.SqlGen.SqlGenerator.GenerateSql(DbCommandTree tree, SqlVersion sqlVersion, List`1&amp; parameters, CommandType&amp; commandType, HashSet`1&amp; paramsToForceNonUnicode)
   at System.Data.SqlClient.SqlProviderServices.CreateCommand(DbProviderManifest providerManifest, DbCommandTree commandTree)
   at System.Data.SqlClient.SqlProviderServices.CreateCommand(DbCommandTree commandTree)
   at System.Data.Mapping.Update.Internal.UpdateTranslator.CreateCommand(DbModificationCommandTree commandTree)
   at System.Data.Mapping.Update.Internal.DynamicUpdateCommand.CreateCommand(UpdateTranslator translator, Dictionary`2 identifierValues)
   at System.Data.Mapping.Update.Internal.DynamicUpdateCommand.Execute(UpdateTranslator translator, EntityConnection connection, Dictionary`2 identifierValues, List`1 generatedValues)
   at System.Data.Mapping.Update.Internal.UpdateTranslator.Update(IEntityStateManager stateManager, IEntityAdapter adapter)
   at System.Data.EntityClient.EntityAdapter.Update(IEntityStateManager entityCache)
   at System.Data.Objects.ObjectContext.SaveChanges(SaveOptions options)
   at System.Data.Objects.ObjectContext.SaveChanges()
   at CerebelloWebRole.Areas.App.Controllers.AnamnesesController.Edit(AnamneseViewModel formModel) in D:\Projetos\Azure\Cerebello\CerebelloWebRole\Areas\App\Controllers\AnamnesesController.cs:line 136
   at CerebelloWebRole.Areas.App.Controllers.AnamnesesController.Create(AnamneseViewModel viewModel) in D:\Projetos\Azure\Cerebello\CerebelloWebRole\Areas\App\Controllers\AnamnesesController.cs:line 45
   at CerebelloWebRole.Tests.AnamnesesControllerTests.Edit_1_CreateIfItDoesntExist() in D:\Projetos\Azure\Cerebello\CerebelloWebRole.Tests\Tests\AnamnesesControllerTests.cs:line 72
</StackTrace>
        </ErrorInfo>
      </Output>
    </UnitTestResult>
    <UnitTestResult executionId="51c55900-77c8-45a4-911e-025db0937dd5" testId="be5c3fd0-b537-a2f6-1213-29c231a57f6f" testName="Edit_3_CannotSaveWithInvalidModelIdAndId" computerName="ANDRE-PC" duration="00:00:00.8744984" startTime="2012-04-14T19:01:58.9179876-03:00" endTime="2012-04-14T19:01:59.7915891-03:00" testType="13cdc9d9-ddb5-4fa4-a97d-d965ccfc6d4b" outcome="Passed" testListId="8c84fa94-04c1-424b-9868-57a2d4851a1d" relativeResultsDirectory="51c55900-77c8-45a4-911e-025db0937dd5">
    </UnitTestResult>
    <UnitTestResult executionId="63870bfc-6211-4786-894c-73d769490a5b" testId="c646ae78-61a8-6b7f-04dd-4875a2e65d3a" testName="Edit_2_CannotSaveWithInvalidPatient" computerName="ANDRE-PC" duration="00:00:00.9451066" startTime="2012-04-14T19:01:59.8071891-03:00" endTime="2012-04-14T19:02:00.7587908-03:00" testType="13cdc9d9-ddb5-4fa4-a97d-d965ccfc6d4b" outcome="Passed" testListId="8c84fa94-04c1-424b-9868-57a2d4851a1d" relativeResultsDirectory="63870bfc-6211-4786-894c-73d769490a5b">
    </UnitTestResult>
    <UnitTestResult executionId="df861478-7471-430c-97a6-6a65fd79f538" testId="d1e32f09-1346-5fe3-495a-5fffef038602" testName="Edit_2_SymptomsThatExistMustBeReferenced" computerName="ANDRE-PC" duration="00:00:00.9375655" startTime="2012-04-14T19:02:00.7587908-03:00" endTime="2012-04-14T19:02:01.7103925-03:00" testType="13cdc9d9-ddb5-4fa4-a97d-d965ccfc6d4b" outcome="Failed" testListId="8c84fa94-04c1-424b-9868-57a2d4851a1d" relativeResultsDirectory="df861478-7471-430c-97a6-6a65fd79f538">
      <Output>
        <ErrorInfo>
          <Message>Test method CerebelloWebRole.Tests.AnamnesesControllerTests.Edit_2_SymptomsThatExistMustBeReferenced threw exception: 
System.Data.UpdateException: Unable to update the EntitySet 'AnamneseSymptoms' because it has a DefiningQuery and no &lt;InsertFunction&gt; element exists in the &lt;ModificationFunctionMapping&gt; element to support the current operation.</Message>
          <StackTrace>    at System.Data.SqlClient.SqlGen.DmlSqlGenerator.ExpressionTranslator.Visit(DbScanExpression expression)
   at System.Data.Common.CommandTrees.DbScanExpression.Accept(DbExpressionVisitor visitor)
   at System.Data.SqlClient.SqlGen.DmlSqlGenerator.GenerateInsertSql(DbInsertCommandTree tree, SqlVersion sqlVersion, List`1&amp; parameters)
   at System.Data.SqlClient.SqlGen.SqlGenerator.GenerateSql(DbCommandTree tree, SqlVersion sqlVersion, List`1&amp; parameters, CommandType&amp; commandType, HashSet`1&amp; paramsToForceNonUnicode)
   at System.Data.SqlClient.SqlProviderServices.CreateCommand(DbProviderManifest providerManifest, DbCommandTree commandTree)
   at System.Data.SqlClient.SqlProviderServices.CreateCommand(DbCommandTree commandTree)
   at System.Data.Mapping.Update.Internal.UpdateTranslator.CreateCommand(DbModificationCommandTree commandTree)
   at System.Data.Mapping.Update.Internal.DynamicUpdateCommand.CreateCommand(UpdateTranslator translator, Dictionary`2 identifierValues)
   at System.Data.Mapping.Update.Internal.DynamicUpdateCommand.Execute(UpdateTranslator translator, EntityConnection connection, Dictionary`2 identifierValues, List`1 generatedValues)
   at System.Data.Mapping.Update.Internal.UpdateTranslator.Update(IEntityStateManager stateManager, IEntityAdapter adapter)
   at System.Data.EntityClient.EntityAdapter.Update(IEntityStateManager entityCache)
   at System.Data.Objects.ObjectContext.SaveChanges(SaveOptions options)
   at System.Data.Objects.ObjectContext.SaveChanges()
   at CerebelloWebRole.Areas.App.Controllers.AnamnesesController.Edit(AnamneseViewModel formModel) in D:\Projetos\Azure\Cerebello\CerebelloWebRole\Areas\App\Controllers\AnamnesesController.cs:line 136
   at CerebelloWebRole.Areas.App.Controllers.AnamnesesController.Create(AnamneseViewModel viewModel) in D:\Projetos\Azure\Cerebello\CerebelloWebRole\Areas\App\Controllers\AnamnesesController.cs:line 45
   at CerebelloWebRole.Tests.AnamnesesControllerTests.Edit_2_SymptomsThatExistMustBeReferenced() in D:\Projetos\Azure\Cerebello\CerebelloWebRole.Tests\Tests\AnamnesesControllerTests.cs:line 104
</StackTrace>
        </ErrorInfo>
      </Output>
    </UnitTestResult>
    <UnitTestResult executionId="06cc60ff-d5e4-4e0f-9725-d27ce80f1902" testId="d6022e27-9611-eb2e-ec54-245d47e99307" testName="Edit_Existing_HappyPath" computerName="ANDRE-PC" duration="00:00:00.8081021" startTime="2012-04-14T19:02:01.7103925-03:00" endTime="2012-04-14T19:02:02.5371939-03:00" testType="13cdc9d9-ddb5-4fa4-a97d-d965ccfc6d4b" outcome="Passed" testListId="8c84fa94-04c1-424b-9868-57a2d4851a1d" relativeResultsDirectory="06cc60ff-d5e4-4e0f-9725-d27ce80f1902">
    </UnitTestResult>
    <UnitTestResult executionId="f1c2c2e9-3ca1-4464-bc92-e2ed4bc5d37f" testId="da6ff516-a175-cf7e-1426-3150ac2dd6f1" testName="Edit_5_CanProperlyCreateModelWithNoFields" computerName="ANDRE-PC" duration="00:00:00.8235574" startTime="2012-04-14T19:02:02.5371939-03:00" endTime="2012-04-14T19:02:03.3639954-03:00" testType="13cdc9d9-ddb5-4fa4-a97d-d965ccfc6d4b" outcome="Passed" testListId="8c84fa94-04c1-424b-9868-57a2d4851a1d" relativeResultsDirectory="f1c2c2e9-3ca1-4464-bc92-e2ed4bc5d37f">
    </UnitTestResult>
    <UnitTestResult executionId="05c309f8-7596-4e13-8f37-5331513d77a9" testId="ebf3e47b-d14a-7c74-dc98-2b6cbaf08fbd" testName="Edit_1_CannotSaveWithInvalidModelId" computerName="ANDRE-PC" duration="00:00:00.7900506" startTime="2012-04-14T19:02:03.3639954-03:00" endTime="2012-04-14T19:02:04.1751968-03:00" testType="13cdc9d9-ddb5-4fa4-a97d-d965ccfc6d4b" outcome="Passed" testListId="8c84fa94-04c1-424b-9868-57a2d4851a1d" relativeResultsDirectory="05c309f8-7596-4e13-8f37-5331513d77a9">
    </UnitTestResult>
    <UnitTestResult executionId="1dd7a85e-860b-47bf-a1b4-7392491fd09a" testId="f7a445b4-027e-bd35-529e-6c76d0124a9f" testName="Edit_4_AllFieldsInTheTextMustBeDeclared" computerName="ANDRE-PC" duration="00:00:00.8055606" startTime="2012-04-14T19:02:04.1751968-03:00" endTime="2012-04-14T19:02:04.9863982-03:00" testType="13cdc9d9-ddb5-4fa4-a97d-d965ccfc6d4b" outcome="Passed" testListId="8c84fa94-04c1-424b-9868-57a2d4851a1d" relativeResultsDirectory="1dd7a85e-860b-47bf-a1b4-7392491fd09a">
    </UnitTestResult>
    <UnitTestResult executionId="19a990a6-a0c8-4af7-b155-de3837601350" testId="f7dc56dc-f7ad-b300-031a-f461b1d69216" testName="Edit_1_CannotAddFieldWithNotAllowedCharacters" computerName="ANDRE-PC" duration="00:00:00.7829774" startTime="2012-04-14T19:02:04.9863982-03:00" endTime="2012-04-14T19:02:05.7819996-03:00" testType="13cdc9d9-ddb5-4fa4-a97d-d965ccfc6d4b" outcome="Passed" testListId="8c84fa94-04c1-424b-9868-57a2d4851a1d" relativeResultsDirectory="19a990a6-a0c8-4af7-b155-de3837601350">
    </UnitTestResult>
  </Results>
</TestRun>