<?xml version="1.0" encoding="UTF-8"?>
<TestRun id="8a09e0ed-5f05-49ee-bedb-07d4884d8001" name="andre@ANDRE-PC 2012-04-15 22:23:11" runUser="andre-PC\andre" xmlns="http://microsoft.com/schemas/VisualStudio/TeamTest/2010">
  <TestSettings name="Local" id="ef9f2aab-2efc-4d6e-a3fa-346b6afda278">
    <Description>These are default test settings for a local test run.</Description>
    <Deployment enabled="false" runDeploymentRoot="andre_ANDRE-PC 2012-04-15 22_23_11">
      <DeploymentItem filename="C:\Program Files (x86)\Microsoft ASP.NET\ASP.NET MVC 3\Assemblies\System.Web.Mvc.dll" />
      <DeploymentItem filename="D:\Projetos\Azure\Cerebello\ThirdParty\Bin\Moq.4.0.10827\Moq.dll" />
      <DeploymentItem filename="C:\Program Files\Windows Azure SDK\v1.6\ref\Microsoft.WindowsAzure.Diagnostics.dll" />
      <DeploymentItem filename="D:\Projetos\ThirdParty\Bin\HtmlAgilityPack\HtmlAgilityPack.dll" />
      <DeploymentItem filename="C:\Program Files (x86)\Microsoft ASP.NET\ASP.NET Web Pages\v1.0\Assemblies\System.Web.WebPages.Deployment.dll" />
      <DeploymentItem filename="D:\Projetos\Azure\Cerebello\Cerebello.Model\bin\Debug\Cerebello.Model.dll" />
      <DeploymentItem filename="C:\Program Files (x86)\Microsoft ASP.NET\ASP.NET Web Pages\v1.0\Assemblies\System.Web.Helpers.dll" />
      <DeploymentItem filename="C:\Program Files (x86)\Microsoft ASP.NET\ASP.NET Web Pages\v1.0\Assemblies\System.Web.WebPages.dll" />
      <DeploymentItem filename="C:\Program Files\Windows Azure SDK\v1.6\ref\Microsoft.WindowsAzure.StorageClient.dll" />
      <DeploymentItem filename="D:\Projetos\ThirdParty\Bin\CipherLite\CipherLite.dll" />
      <DeploymentItem filename="D:\Projetos\ThirdParty\Bin\iTextShap\itextsharp-dll-core-5.1.3\itextsharp.dll" />
      <DeploymentItem filename="C:\Program Files (x86)\Microsoft ASP.NET\ASP.NET Web Pages\v1.0\Assemblies\Microsoft.Web.Infrastructure.dll" />
      <DeploymentItem filename="D:\Projetos\Azure\Cerebello\packages\System.Web.Providers.1.0.1\lib\Net40\System.Web.Providers.dll" />
      <DeploymentItem filename="C:\Program Files (x86)\Microsoft ASP.NET\ASP.NET Web Pages\v1.0\Assemblies\System.Web.Razor.dll" />
      <DeploymentItem filename="D:\Projetos\ThirdParty\Bin\iTextShap\itextsharp-dll-xtra-5.1.3\itextsharp.xtra.dll" />
      <DeploymentItem filename="D:\Projetos\Azure\Cerebello\CerebelloWebRole\bin\CerebelloWebRole.dll" />
      <DeploymentItem filename="D:\Projetos\Azure\Cerebello\Cerebello.Firestarter\bin\Debug\Cerebello.Firestarter.exe" />
      <DeploymentItem filename="C:\Program Files (x86)\Microsoft ASP.NET\ASP.NET Web Pages\v1.0\Assemblies\System.Web.WebPages.Razor.dll" />
      <DeploymentItem filename="D:\Projetos\Library\CommonLib\bin\Debug\CommonLib.dll" />
    </Deployment>
    <Execution>
      <TestTypeSpecific />
      <AgentRule name="Execution Agents">
      </AgentRule>
    </Execution>
  </TestSettings>
  <Times creation="2012-04-15T22:23:11.1048082-03:00" queuing="2012-04-15T22:23:11.1718120-03:00" start="2012-04-15T22:23:11.2058140-03:00" finish="2012-04-15T22:24:28.2550619-03:00" />
  <ResultSummary outcome="Error">
    <Counters total="19" executed="19" passed="19" error="0" failed="0" timeout="0" aborted="0" inconclusive="0" passedButRunAborted="0" notRunnable="0" notExecuted="0" disconnected="0" warning="0" completed="0" inProgress="0" pending="0" />
    <RunInfos>
      <RunInfo computerName="ANDRE-PC" outcome="Error" timestamp="2012-04-15T22:23:48.2226111-03:00">
        <Text>Class Cleanup method MedicalCertificatesControllerTests.ClassCleanup failed. Error Message: System.Data.SqlClient.SqlException: Cannot detach the database 'CerebelloTEST' because it is currently in use.. Stack Trace:     at System.Data.SqlClient.SqlConnection.OnError(SqlException exception, Boolean breakConnection)
   at System.Data.SqlClient.SqlInternalConnection.OnError(SqlException exception, Boolean breakConnection)
   at System.Data.SqlClient.TdsParser.ThrowExceptionAndWarning()
   at System.Data.SqlClient.TdsParser.Run(RunBehavior runBehavior, SqlCommand cmdHandler, SqlDataReader dataStream, BulkCopySimpleResultSet bulkCopyHandler, TdsParserStateObject stateObj)
   at System.Data.SqlClient.SqlCommand.RunExecuteNonQueryTds(String methodName, Boolean async)
   at System.Data.SqlClient.SqlCommand.InternalExecuteNonQuery(DbAsyncResult result, String methodName, Boolean sendToPipe)
   at System.Data.SqlClient.SqlCommand.ExecuteNonQuery()
   at CerebelloWebRole.Tests.DatabaseHelper.DetachCerebelloTestDatabase() in D:\Projetos\Azure\Cerebello\CerebelloWebRole.Tests\DatabaseHelper.cs:line 86
   at CerebelloWebRole.Tests.MedicalCertificatesControllerTests.ClassCleanup() in D:\Projetos\Azure\Cerebello\CerebelloWebRole.Tests\Tests\MedicalCertificatesControllerTests.cs:line 32
</Text>
      </RunInfo>
      <RunInfo computerName="ANDRE-PC" outcome="Error" timestamp="2012-04-15T22:24:08.2305824-03:00">
        <Text>Class Cleanup method ModelMedicalCertificateControllerTests.ClassCleanup failed. Error Message: System.Data.SqlClient.SqlException: Cannot detach the database 'CerebelloTEST' because it is currently in use.. Stack Trace:     at System.Data.SqlClient.SqlConnection.OnError(SqlException exception, Boolean breakConnection)
   at System.Data.SqlClient.SqlInternalConnection.OnError(SqlException exception, Boolean breakConnection)
   at System.Data.SqlClient.TdsParser.ThrowExceptionAndWarning()
   at System.Data.SqlClient.TdsParser.Run(RunBehavior runBehavior, SqlCommand cmdHandler, SqlDataReader dataStream, BulkCopySimpleResultSet bulkCopyHandler, TdsParserStateObject stateObj)
   at System.Data.SqlClient.SqlCommand.RunExecuteNonQueryTds(String methodName, Boolean async)
   at System.Data.SqlClient.SqlCommand.InternalExecuteNonQuery(DbAsyncResult result, String methodName, Boolean sendToPipe)
   at System.Data.SqlClient.SqlCommand.ExecuteNonQuery()
   at CerebelloWebRole.Tests.DatabaseHelper.DetachCerebelloTestDatabase() in D:\Projetos\Azure\Cerebello\CerebelloWebRole.Tests\DatabaseHelper.cs:line 86
   at CerebelloWebRole.Tests.ModelMedicalCertificateControllerTests.ClassCleanup() in D:\Projetos\Azure\Cerebello\CerebelloWebRole.Tests\Tests\ModelMedicalCertificateControllerTests.cs:line 39
</Text>
      </RunInfo>
      <RunInfo computerName="ANDRE-PC" outcome="Error" timestamp="2012-04-15T22:24:28.2400611-03:00">
        <Text>Class Cleanup method AnamnesesControllerTests.ClassCleanup failed. Error Message: System.Data.SqlClient.SqlException: Cannot detach the database 'CerebelloTEST' because it is currently in use.. Stack Trace:     at System.Data.SqlClient.SqlConnection.OnError(SqlException exception, Boolean breakConnection)
   at System.Data.SqlClient.SqlInternalConnection.OnError(SqlException exception, Boolean breakConnection)
   at System.Data.SqlClient.TdsParser.ThrowExceptionAndWarning()
   at System.Data.SqlClient.TdsParser.Run(RunBehavior runBehavior, SqlCommand cmdHandler, SqlDataReader dataStream, BulkCopySimpleResultSet bulkCopyHandler, TdsParserStateObject stateObj)
   at System.Data.SqlClient.SqlCommand.RunExecuteNonQueryTds(String methodName, Boolean async)
   at System.Data.SqlClient.SqlCommand.InternalExecuteNonQuery(DbAsyncResult result, String methodName, Boolean sendToPipe)
   at System.Data.SqlClient.SqlCommand.ExecuteNonQuery()
   at CerebelloWebRole.Tests.DatabaseHelper.DetachCerebelloTestDatabase() in D:\Projetos\Azure\Cerebello\CerebelloWebRole.Tests\DatabaseHelper.cs:line 86
   at CerebelloWebRole.Tests.AnamnesesControllerTests.ClassCleanup() in D:\Projetos\Azure\Cerebello\CerebelloWebRole.Tests\Tests\AnamnesesControllerTests.cs:line 31
</Text>
      </RunInfo>
    </RunInfos>
  </ResultSummary>
  <TestDefinitions>
    <UnitTest name="Edit_1_CannotSaveWithInvalidModelId" storage="d:\projetos\azure\cerebello\cerebellowebrole.tests\bin\debug\cerebellowebrole.tests.dll" id="ebf3e47b-d14a-7c74-dc98-2b6cbaf08fbd">
      <Execution id="ffed4acb-599d-4cb3-a86c-327d3631eb80" />
      <TestMethod codeBase="D:/Projetos/Azure/Cerebello/CerebelloWebRole.Tests/bin/Debug/CerebelloWebRole.Tests.DLL" adapterTypeName="Microsoft.VisualStudio.TestTools.TestTypes.Unit.UnitTestAdapter, Microsoft.VisualStudio.QualityTools.Tips.UnitTest.Adapter, Version=10.0.0.0, Culture=neutral, PublicKeyToken=b03f5f7f11d50a3a" className="CerebelloWebRole.Tests.MedicalCertificatesControllerTests, CerebelloWebRole.Tests, Version=1.0.0.0, Culture=neutral, PublicKeyToken=null" name="Edit_1_CannotSaveWithInvalidModelId" />
    </UnitTest>
    <UnitTest name="Edit_New_HappyPath" storage="d:\projetos\azure\cerebello\cerebellowebrole.tests\bin\debug\cerebellowebrole.tests.dll" id="3ade3956-00aa-d0a4-1abf-f65910587805">
      <Execution id="52325e77-1ee4-4651-b76a-4b57a76e6287" />
      <TestMethod codeBase="D:/Projetos/Azure/Cerebello/CerebelloWebRole.Tests/bin/Debug/CerebelloWebRole.Tests.DLL" adapterTypeName="Microsoft.VisualStudio.TestTools.TestTypes.Unit.UnitTestAdapter, Microsoft.VisualStudio.QualityTools.Tips.UnitTest.Adapter, Version=10.0.0.0, Culture=neutral, PublicKeyToken=b03f5f7f11d50a3a" className="CerebelloWebRole.Tests.ModelMedicalCertificateControllerTests, CerebelloWebRole.Tests, Version=1.0.0.0, Culture=neutral, PublicKeyToken=null" name="Edit_New_HappyPath" />
    </UnitTest>
    <UnitTest name="Edit_4_AllFieldsInTheTextMustBeDeclaredWithTheExceptionOfPatient" storage="d:\projetos\azure\cerebello\cerebellowebrole.tests\bin\debug\cerebellowebrole.tests.dll" id="a9c2d8ef-8ba3-864f-6ea6-4ddc26091c80">
      <Execution id="78da442f-87c6-43ee-979b-4f9702a08bdd" />
      <TestMethod codeBase="D:/Projetos/Azure/Cerebello/CerebelloWebRole.Tests/bin/Debug/CerebelloWebRole.Tests.DLL" adapterTypeName="Microsoft.VisualStudio.TestTools.TestTypes.Unit.UnitTestAdapter, Microsoft.VisualStudio.QualityTools.Tips.UnitTest.Adapter, Version=10.0.0.0, Culture=neutral, PublicKeyToken=b03f5f7f11d50a3a" className="CerebelloWebRole.Tests.ModelMedicalCertificateControllerTests, CerebelloWebRole.Tests, Version=1.0.0.0, Culture=neutral, PublicKeyToken=null" name="Edit_4_AllFieldsInTheTextMustBeDeclaredWithTheExceptionOfPatient" />
    </UnitTest>
    <UnitTest name="Edit_5_CanSaveAllFieldsWhenModelDoesNotExist" storage="d:\projetos\azure\cerebello\cerebellowebrole.tests\bin\debug\cerebellowebrole.tests.dll" id="8ad46afa-eca0-79c4-56f7-49478b8f2eb0">
      <Execution id="30dc84af-8fbc-42c3-8c0b-0dd9f6d4c81c" />
      <TestMethod codeBase="D:/Projetos/Azure/Cerebello/CerebelloWebRole.Tests/bin/Debug/CerebelloWebRole.Tests.DLL" adapterTypeName="Microsoft.VisualStudio.TestTools.TestTypes.Unit.UnitTestAdapter, Microsoft.VisualStudio.QualityTools.Tips.UnitTest.Adapter, Version=10.0.0.0, Culture=neutral, PublicKeyToken=b03f5f7f11d50a3a" className="CerebelloWebRole.Tests.MedicalCertificatesControllerTests, CerebelloWebRole.Tests, Version=1.0.0.0, Culture=neutral, PublicKeyToken=null" name="Edit_5_CanSaveAllFieldsWhenModelDoesNotExist" />
    </UnitTest>
    <UnitTest name="Edit_5_CanProperlyCreateModelWithNoFields" storage="d:\projetos\azure\cerebello\cerebellowebrole.tests\bin\debug\cerebellowebrole.tests.dll" id="da6ff516-a175-cf7e-1426-3150ac2dd6f1">
      <Execution id="74955e16-2924-4554-bd96-e4baa6322e4d" />
      <TestMethod codeBase="D:/Projetos/Azure/Cerebello/CerebelloWebRole.Tests/bin/Debug/CerebelloWebRole.Tests.DLL" adapterTypeName="Microsoft.VisualStudio.TestTools.TestTypes.Unit.UnitTestAdapter, Microsoft.VisualStudio.QualityTools.Tips.UnitTest.Adapter, Version=10.0.0.0, Culture=neutral, PublicKeyToken=b03f5f7f11d50a3a" className="CerebelloWebRole.Tests.ModelMedicalCertificateControllerTests, CerebelloWebRole.Tests, Version=1.0.0.0, Culture=neutral, PublicKeyToken=null" name="Edit_5_CanProperlyCreateModelWithNoFields" />
    </UnitTest>
    <UnitTest name="Delete_HappyPath" storage="d:\projetos\azure\cerebello\cerebellowebrole.tests\bin\debug\cerebellowebrole.tests.dll" id="726a5bb4-9b7c-e7ec-a2fe-831bc4b50f36">
      <Execution id="327bd2c4-a60c-42b0-a5d0-3ba246eacfdf" />
      <TestMethod codeBase="D:/Projetos/Azure/Cerebello/CerebelloWebRole.Tests/bin/Debug/CerebelloWebRole.Tests.DLL" adapterTypeName="Microsoft.VisualStudio.TestTools.TestTypes.Unit.UnitTestAdapter, Microsoft.VisualStudio.QualityTools.Tips.UnitTest.Adapter, Version=10.0.0.0, Culture=neutral, PublicKeyToken=b03f5f7f11d50a3a" className="CerebelloWebRole.Tests.ModelMedicalCertificateControllerTests, CerebelloWebRole.Tests, Version=1.0.0.0, Culture=neutral, PublicKeyToken=null" name="Delete_HappyPath" />
    </UnitTest>
    <UnitTest name="Edit_1_CannotAddFieldWithNotAllowedCharacters" storage="d:\projetos\azure\cerebello\cerebellowebrole.tests\bin\debug\cerebellowebrole.tests.dll" id="f7dc56dc-f7ad-b300-031a-f461b1d69216">
      <Execution id="037994b9-9fb7-4400-923c-c9a5560ad2ef" />
      <TestMethod codeBase="D:/Projetos/Azure/Cerebello/CerebelloWebRole.Tests/bin/Debug/CerebelloWebRole.Tests.DLL" adapterTypeName="Microsoft.VisualStudio.TestTools.TestTypes.Unit.UnitTestAdapter, Microsoft.VisualStudio.QualityTools.Tips.UnitTest.Adapter, Version=10.0.0.0, Culture=neutral, PublicKeyToken=b03f5f7f11d50a3a" className="CerebelloWebRole.Tests.ModelMedicalCertificateControllerTests, CerebelloWebRole.Tests, Version=1.0.0.0, Culture=neutral, PublicKeyToken=null" name="Edit_1_CannotAddFieldWithNotAllowedCharacters" />
    </UnitTest>
    <UnitTest name="Edit_HappyPath" storage="d:\projetos\azure\cerebello\cerebellowebrole.tests\bin\debug\cerebellowebrole.tests.dll" id="2991ac51-0559-0a18-e396-d1c6f83abee5">
      <Execution id="42e8a863-0fb8-4236-b19d-cc3923c10f78" />
      <TestMethod codeBase="D:/Projetos/Azure/Cerebello/CerebelloWebRole.Tests/bin/Debug/CerebelloWebRole.Tests.DLL" adapterTypeName="Microsoft.VisualStudio.TestTools.TestTypes.Unit.UnitTestAdapter, Microsoft.VisualStudio.QualityTools.Tips.UnitTest.Adapter, Version=10.0.0.0, Culture=neutral, PublicKeyToken=b03f5f7f11d50a3a" className="CerebelloWebRole.Tests.MedicalCertificatesControllerTests, CerebelloWebRole.Tests, Version=1.0.0.0, Culture=neutral, PublicKeyToken=null" name="Edit_HappyPath" />
    </UnitTest>
    <UnitTest name="Edit_2_CannotSaveWithInvalidPatient" storage="d:\projetos\azure\cerebello\cerebellowebrole.tests\bin\debug\cerebellowebrole.tests.dll" id="c646ae78-61a8-6b7f-04dd-4875a2e65d3a">
      <Execution id="e20e4e4b-9468-4707-9716-3039b49147c2" />
      <TestMethod codeBase="D:/Projetos/Azure/Cerebello/CerebelloWebRole.Tests/bin/Debug/CerebelloWebRole.Tests.DLL" adapterTypeName="Microsoft.VisualStudio.TestTools.TestTypes.Unit.UnitTestAdapter, Microsoft.VisualStudio.QualityTools.Tips.UnitTest.Adapter, Version=10.0.0.0, Culture=neutral, PublicKeyToken=b03f5f7f11d50a3a" className="CerebelloWebRole.Tests.MedicalCertificatesControllerTests, CerebelloWebRole.Tests, Version=1.0.0.0, Culture=neutral, PublicKeyToken=null" name="Edit_2_CannotSaveWithInvalidPatient" />
    </UnitTest>
    <UnitTest name="Delete_HappyPath" storage="d:\projetos\azure\cerebello\cerebellowebrole.tests\bin\debug\cerebellowebrole.tests.dll" id="2d97d549-56fe-0637-6441-464f76f05c69">
      <Execution id="68be6566-8818-4d4f-9b24-0d314f78d6d4" />
      <TestMethod codeBase="D:/Projetos/Azure/Cerebello/CerebelloWebRole.Tests/bin/Debug/CerebelloWebRole.Tests.DLL" adapterTypeName="Microsoft.VisualStudio.TestTools.TestTypes.Unit.UnitTestAdapter, Microsoft.VisualStudio.QualityTools.Tips.UnitTest.Adapter, Version=10.0.0.0, Culture=neutral, PublicKeyToken=b03f5f7f11d50a3a" className="CerebelloWebRole.Tests.MedicalCertificatesControllerTests, CerebelloWebRole.Tests, Version=1.0.0.0, Culture=neutral, PublicKeyToken=null" name="Delete_HappyPath" />
    </UnitTest>
    <UnitTest name="Edit_4_AllFieldsInTheTextMustBeDeclared" storage="d:\projetos\azure\cerebello\cerebellowebrole.tests\bin\debug\cerebellowebrole.tests.dll" id="f7a445b4-027e-bd35-529e-6c76d0124a9f">
      <Execution id="626a9519-2b4d-438d-a432-e31b3077120d" />
      <TestMethod codeBase="D:/Projetos/Azure/Cerebello/CerebelloWebRole.Tests/bin/Debug/CerebelloWebRole.Tests.DLL" adapterTypeName="Microsoft.VisualStudio.TestTools.TestTypes.Unit.UnitTestAdapter, Microsoft.VisualStudio.QualityTools.Tips.UnitTest.Adapter, Version=10.0.0.0, Culture=neutral, PublicKeyToken=b03f5f7f11d50a3a" className="CerebelloWebRole.Tests.ModelMedicalCertificateControllerTests, CerebelloWebRole.Tests, Version=1.0.0.0, Culture=neutral, PublicKeyToken=null" name="Edit_4_AllFieldsInTheTextMustBeDeclared" />
    </UnitTest>
    <UnitTest name="Edit_3_CannotSaveWithInvalidModelIdAndId" storage="d:\projetos\azure\cerebello\cerebellowebrole.tests\bin\debug\cerebellowebrole.tests.dll" id="be5c3fd0-b537-a2f6-1213-29c231a57f6f">
      <Execution id="e4f07993-59c2-4f4f-9484-f42615a88d22" />
      <TestMethod codeBase="D:/Projetos/Azure/Cerebello/CerebelloWebRole.Tests/bin/Debug/CerebelloWebRole.Tests.DLL" adapterTypeName="Microsoft.VisualStudio.TestTools.TestTypes.Unit.UnitTestAdapter, Microsoft.VisualStudio.QualityTools.Tips.UnitTest.Adapter, Version=10.0.0.0, Culture=neutral, PublicKeyToken=b03f5f7f11d50a3a" className="CerebelloWebRole.Tests.MedicalCertificatesControllerTests, CerebelloWebRole.Tests, Version=1.0.0.0, Culture=neutral, PublicKeyToken=null" name="Edit_3_CannotSaveWithInvalidModelIdAndId" />
    </UnitTest>
    <UnitTest name="Edit_1_CreateIfItDoesntExist" storage="d:\projetos\azure\cerebello\cerebellowebrole.tests\bin\debug\cerebellowebrole.tests.dll" id="b17a794d-9843-f1d9-6c87-beeeb8c3629e">
      <Execution id="d1ba79b9-9a20-46e9-b2e1-6b0ff420f212" />
      <TestMethod codeBase="D:/Projetos/Azure/Cerebello/CerebelloWebRole.Tests/bin/Debug/CerebelloWebRole.Tests.DLL" adapterTypeName="Microsoft.VisualStudio.TestTools.TestTypes.Unit.UnitTestAdapter, Microsoft.VisualStudio.QualityTools.Tips.UnitTest.Adapter, Version=10.0.0.0, Culture=neutral, PublicKeyToken=b03f5f7f11d50a3a" className="CerebelloWebRole.Tests.AnamnesesControllerTests, CerebelloWebRole.Tests, Version=1.0.0.0, Culture=neutral, PublicKeyToken=null" name="Edit_1_CreateIfItDoesntExist" />
    </UnitTest>
    <UnitTest name="GetCertificateText_HappyPath" storage="d:\projetos\azure\cerebello\cerebellowebrole.tests\bin\debug\cerebellowebrole.tests.dll" id="6b210cc2-df8e-72e7-9de4-ed61a7d5644e">
      <Execution id="851da71c-3cd8-499e-bdbd-40387fbdc176" />
      <TestMethod codeBase="D:/Projetos/Azure/Cerebello/CerebelloWebRole.Tests/bin/Debug/CerebelloWebRole.Tests.DLL" adapterTypeName="Microsoft.VisualStudio.TestTools.TestTypes.Unit.UnitTestAdapter, Microsoft.VisualStudio.QualityTools.Tips.UnitTest.Adapter, Version=10.0.0.0, Culture=neutral, PublicKeyToken=b03f5f7f11d50a3a" className="CerebelloWebRole.Tests.MedicalCertificatesControllerTests, CerebelloWebRole.Tests, Version=1.0.0.0, Culture=neutral, PublicKeyToken=null" name="GetCertificateText_HappyPath" />
    </UnitTest>
    <UnitTest name="Edit_3_AllDeclaredFieldsMustBeReferenced" storage="d:\projetos\azure\cerebello\cerebellowebrole.tests\bin\debug\cerebellowebrole.tests.dll" id="4b41cbeb-89e7-e429-8520-393b7037c042">
      <Execution id="c7edc896-85aa-47ea-92a7-5415d87df73a" />
      <TestMethod codeBase="D:/Projetos/Azure/Cerebello/CerebelloWebRole.Tests/bin/Debug/CerebelloWebRole.Tests.DLL" adapterTypeName="Microsoft.VisualStudio.TestTools.TestTypes.Unit.UnitTestAdapter, Microsoft.VisualStudio.QualityTools.Tips.UnitTest.Adapter, Version=10.0.0.0, Culture=neutral, PublicKeyToken=b03f5f7f11d50a3a" className="CerebelloWebRole.Tests.ModelMedicalCertificateControllerTests, CerebelloWebRole.Tests, Version=1.0.0.0, Culture=neutral, PublicKeyToken=null" name="Edit_3_AllDeclaredFieldsMustBeReferenced" />
    </UnitTest>
    <UnitTest name="Edit_2_CannotUseMalformedPlaceHolders" storage="d:\projetos\azure\cerebello\cerebellowebrole.tests\bin\debug\cerebellowebrole.tests.dll" id="247b13e5-656a-2369-c034-0cbe7e55f868">
      <Execution id="99b5ccce-a957-4441-a01d-ceb8494e721a" />
      <TestMethod codeBase="D:/Projetos/Azure/Cerebello/CerebelloWebRole.Tests/bin/Debug/CerebelloWebRole.Tests.DLL" adapterTypeName="Microsoft.VisualStudio.TestTools.TestTypes.Unit.UnitTestAdapter, Microsoft.VisualStudio.QualityTools.Tips.UnitTest.Adapter, Version=10.0.0.0, Culture=neutral, PublicKeyToken=b03f5f7f11d50a3a" className="CerebelloWebRole.Tests.ModelMedicalCertificateControllerTests, CerebelloWebRole.Tests, Version=1.0.0.0, Culture=neutral, PublicKeyToken=null" name="Edit_2_CannotUseMalformedPlaceHolders" />
    </UnitTest>
    <UnitTest name="Edit_2_SymptomsThatExistMustBeReferenced" storage="d:\projetos\azure\cerebello\cerebellowebrole.tests\bin\debug\cerebellowebrole.tests.dll" id="d1e32f09-1346-5fe3-495a-5fffef038602">
      <Execution id="3be3b8eb-ba07-4607-ab3f-9877f55e83ef" />
      <TestMethod codeBase="D:/Projetos/Azure/Cerebello/CerebelloWebRole.Tests/bin/Debug/CerebelloWebRole.Tests.DLL" adapterTypeName="Microsoft.VisualStudio.TestTools.TestTypes.Unit.UnitTestAdapter, Microsoft.VisualStudio.QualityTools.Tips.UnitTest.Adapter, Version=10.0.0.0, Culture=neutral, PublicKeyToken=b03f5f7f11d50a3a" className="CerebelloWebRole.Tests.AnamnesesControllerTests, CerebelloWebRole.Tests, Version=1.0.0.0, Culture=neutral, PublicKeyToken=null" name="Edit_2_SymptomsThatExistMustBeReferenced" />
    </UnitTest>
    <UnitTest name="Edit_4_CannotSaveACertificateWithInvalidFields" storage="d:\projetos\azure\cerebello\cerebellowebrole.tests\bin\debug\cerebellowebrole.tests.dll" id="2226a31a-b073-3995-dc8a-d66d152dfc43">
      <Execution id="348fcf9d-217d-45b7-91ad-6fd2f29b71ee" />
      <TestMethod codeBase="D:/Projetos/Azure/Cerebello/CerebelloWebRole.Tests/bin/Debug/CerebelloWebRole.Tests.DLL" adapterTypeName="Microsoft.VisualStudio.TestTools.TestTypes.Unit.UnitTestAdapter, Microsoft.VisualStudio.QualityTools.Tips.UnitTest.Adapter, Version=10.0.0.0, Culture=neutral, PublicKeyToken=b03f5f7f11d50a3a" className="CerebelloWebRole.Tests.MedicalCertificatesControllerTests, CerebelloWebRole.Tests, Version=1.0.0.0, Culture=neutral, PublicKeyToken=null" name="Edit_4_CannotSaveACertificateWithInvalidFields" />
    </UnitTest>
    <UnitTest name="Edit_Existing_HappyPath" storage="d:\projetos\azure\cerebello\cerebellowebrole.tests\bin\debug\cerebellowebrole.tests.dll" id="d6022e27-9611-eb2e-ec54-245d47e99307">
      <Execution id="3a66e79f-7dde-4062-8ad3-7ee2733ae18a" />
      <TestMethod codeBase="D:/Projetos/Azure/Cerebello/CerebelloWebRole.Tests/bin/Debug/CerebelloWebRole.Tests.DLL" adapterTypeName="Microsoft.VisualStudio.TestTools.TestTypes.Unit.UnitTestAdapter, Microsoft.VisualStudio.QualityTools.Tips.UnitTest.Adapter, Version=10.0.0.0, Culture=neutral, PublicKeyToken=b03f5f7f11d50a3a" className="CerebelloWebRole.Tests.ModelMedicalCertificateControllerTests, CerebelloWebRole.Tests, Version=1.0.0.0, Culture=neutral, PublicKeyToken=null" name="Edit_Existing_HappyPath" />
    </UnitTest>
  </TestDefinitions>
  <TestLists>
    <TestList name="Results Not in a List" id="8c84fa94-04c1-424b-9868-57a2d4851a1d" />
    <TestList name="All Loaded Results" id="19431567-8539-422a-85d7-44ee4e166bda" />
  </TestLists>
  <TestEntries>
    <TestEntry testId="2226a31a-b073-3995-dc8a-d66d152dfc43" executionId="348fcf9d-217d-45b7-91ad-6fd2f29b71ee" testListId="8c84fa94-04c1-424b-9868-57a2d4851a1d" />
    <TestEntry testId="247b13e5-656a-2369-c034-0cbe7e55f868" executionId="99b5ccce-a957-4441-a01d-ceb8494e721a" testListId="8c84fa94-04c1-424b-9868-57a2d4851a1d" />
    <TestEntry testId="2991ac51-0559-0a18-e396-d1c6f83abee5" executionId="42e8a863-0fb8-4236-b19d-cc3923c10f78" testListId="8c84fa94-04c1-424b-9868-57a2d4851a1d" />
    <TestEntry testId="2d97d549-56fe-0637-6441-464f76f05c69" executionId="68be6566-8818-4d4f-9b24-0d314f78d6d4" testListId="8c84fa94-04c1-424b-9868-57a2d4851a1d" />
    <TestEntry testId="3ade3956-00aa-d0a4-1abf-f65910587805" executionId="52325e77-1ee4-4651-b76a-4b57a76e6287" testListId="8c84fa94-04c1-424b-9868-57a2d4851a1d" />
    <TestEntry testId="4b41cbeb-89e7-e429-8520-393b7037c042" executionId="c7edc896-85aa-47ea-92a7-5415d87df73a" testListId="8c84fa94-04c1-424b-9868-57a2d4851a1d" />
    <TestEntry testId="6b210cc2-df8e-72e7-9de4-ed61a7d5644e" executionId="851da71c-3cd8-499e-bdbd-40387fbdc176" testListId="8c84fa94-04c1-424b-9868-57a2d4851a1d" />
    <TestEntry testId="726a5bb4-9b7c-e7ec-a2fe-831bc4b50f36" executionId="327bd2c4-a60c-42b0-a5d0-3ba246eacfdf" testListId="8c84fa94-04c1-424b-9868-57a2d4851a1d" />
    <TestEntry testId="8ad46afa-eca0-79c4-56f7-49478b8f2eb0" executionId="30dc84af-8fbc-42c3-8c0b-0dd9f6d4c81c" testListId="8c84fa94-04c1-424b-9868-57a2d4851a1d" />
    <TestEntry testId="a9c2d8ef-8ba3-864f-6ea6-4ddc26091c80" executionId="78da442f-87c6-43ee-979b-4f9702a08bdd" testListId="8c84fa94-04c1-424b-9868-57a2d4851a1d" />
    <TestEntry testId="b17a794d-9843-f1d9-6c87-beeeb8c3629e" executionId="d1ba79b9-9a20-46e9-b2e1-6b0ff420f212" testListId="8c84fa94-04c1-424b-9868-57a2d4851a1d" />
    <TestEntry testId="be5c3fd0-b537-a2f6-1213-29c231a57f6f" executionId="e4f07993-59c2-4f4f-9484-f42615a88d22" testListId="8c84fa94-04c1-424b-9868-57a2d4851a1d" />
    <TestEntry testId="c646ae78-61a8-6b7f-04dd-4875a2e65d3a" executionId="e20e4e4b-9468-4707-9716-3039b49147c2" testListId="8c84fa94-04c1-424b-9868-57a2d4851a1d" />
    <TestEntry testId="d1e32f09-1346-5fe3-495a-5fffef038602" executionId="3be3b8eb-ba07-4607-ab3f-9877f55e83ef" testListId="8c84fa94-04c1-424b-9868-57a2d4851a1d" />
    <TestEntry testId="d6022e27-9611-eb2e-ec54-245d47e99307" executionId="3a66e79f-7dde-4062-8ad3-7ee2733ae18a" testListId="8c84fa94-04c1-424b-9868-57a2d4851a1d" />
    <TestEntry testId="da6ff516-a175-cf7e-1426-3150ac2dd6f1" executionId="74955e16-2924-4554-bd96-e4baa6322e4d" testListId="8c84fa94-04c1-424b-9868-57a2d4851a1d" />
    <TestEntry testId="ebf3e47b-d14a-7c74-dc98-2b6cbaf08fbd" executionId="ffed4acb-599d-4cb3-a86c-327d3631eb80" testListId="8c84fa94-04c1-424b-9868-57a2d4851a1d" />
    <TestEntry testId="f7a445b4-027e-bd35-529e-6c76d0124a9f" executionId="626a9519-2b4d-438d-a432-e31b3077120d" testListId="8c84fa94-04c1-424b-9868-57a2d4851a1d" />
    <TestEntry testId="f7dc56dc-f7ad-b300-031a-f461b1d69216" executionId="037994b9-9fb7-4400-923c-c9a5560ad2ef" testListId="8c84fa94-04c1-424b-9868-57a2d4851a1d" />
  </TestEntries>
  <Results>
    <UnitTestResult executionId="348fcf9d-217d-45b7-91ad-6fd2f29b71ee" testId="2226a31a-b073-3995-dc8a-d66d152dfc43" testName="Edit_4_CannotSaveACertificateWithInvalidFields" computerName="ANDRE-PC" duration="00:00:02.4159075" startTime="2012-04-15T22:23:11.2158145-03:00" endTime="2012-04-15T22:23:13.9609604-03:00" testType="13cdc9d9-ddb5-4fa4-a97d-d965ccfc6d4b" outcome="Passed" testListId="8c84fa94-04c1-424b-9868-57a2d4851a1d" relativeResultsDirectory="348fcf9d-217d-45b7-91ad-6fd2f29b71ee">
    </UnitTestResult>
    <UnitTestResult executionId="99b5ccce-a957-4441-a01d-ceb8494e721a" testId="247b13e5-656a-2369-c034-0cbe7e55f868" testName="Edit_2_CannotUseMalformedPlaceHolders" computerName="ANDRE-PC" duration="00:00:00.6037466" startTime="2012-04-15T22:23:13.9609604-03:00" endTime="2012-04-15T22:23:14.5809613-03:00" testType="13cdc9d9-ddb5-4fa4-a97d-d965ccfc6d4b" outcome="Passed" testListId="8c84fa94-04c1-424b-9868-57a2d4851a1d" relativeResultsDirectory="99b5ccce-a957-4441-a01d-ceb8494e721a">
    </UnitTestResult>
    <UnitTestResult executionId="42e8a863-0fb8-4236-b19d-cc3923c10f78" testId="2991ac51-0559-0a18-e396-d1c6f83abee5" testName="Edit_HappyPath" computerName="ANDRE-PC" duration="00:00:00.9996937" startTime="2012-04-15T22:23:14.5809613-03:00" endTime="2012-04-15T22:23:15.5909627-03:00" testType="13cdc9d9-ddb5-4fa4-a97d-d965ccfc6d4b" outcome="Passed" testListId="8c84fa94-04c1-424b-9868-57a2d4851a1d" relativeResultsDirectory="42e8a863-0fb8-4236-b19d-cc3923c10f78">
    </UnitTestResult>
    <UnitTestResult executionId="68be6566-8818-4d4f-9b24-0d314f78d6d4" testId="2d97d549-56fe-0637-6441-464f76f05c69" testName="Delete_HappyPath" computerName="ANDRE-PC" duration="00:00:00.9180874" startTime="2012-04-15T22:23:15.5909627-03:00" endTime="2012-04-15T22:23:16.5323930-03:00" testType="13cdc9d9-ddb5-4fa4-a97d-d965ccfc6d4b" outcome="Passed" testListId="8c84fa94-04c1-424b-9868-57a2d4851a1d" relativeResultsDirectory="68be6566-8818-4d4f-9b24-0d314f78d6d4">
    </UnitTestResult>
    <UnitTestResult executionId="52325e77-1ee4-4651-b76a-4b57a76e6287" testId="3ade3956-00aa-d0a4-1abf-f65910587805" testName="Edit_New_HappyPath" computerName="ANDRE-PC" duration="00:00:00.6230389" startTime="2012-04-15T22:23:16.5393934-03:00" endTime="2012-04-15T22:23:17.1694261-03:00" testType="13cdc9d9-ddb5-4fa4-a97d-d965ccfc6d4b" outcome="Passed" testListId="8c84fa94-04c1-424b-9868-57a2d4851a1d" relativeResultsDirectory="52325e77-1ee4-4651-b76a-4b57a76e6287">
    </UnitTestResult>
    <UnitTestResult executionId="c7edc896-85aa-47ea-92a7-5415d87df73a" testId="4b41cbeb-89e7-e429-8520-393b7037c042" testName="Edit_3_AllDeclaredFieldsMustBeReferenced" computerName="ANDRE-PC" duration="00:00:00.8168831" startTime="2012-04-15T22:23:17.1714262-03:00" endTime="2012-04-15T22:23:17.9974734-03:00" testType="13cdc9d9-ddb5-4fa4-a97d-d965ccfc6d4b" outcome="Passed" testListId="8c84fa94-04c1-424b-9868-57a2d4851a1d" relativeResultsDirectory="c7edc896-85aa-47ea-92a7-5415d87df73a">
    </UnitTestResult>
    <UnitTestResult executionId="851da71c-3cd8-499e-bdbd-40387fbdc176" testId="6b210cc2-df8e-72e7-9de4-ed61a7d5644e" testName="GetCertificateText_HappyPath" computerName="ANDRE-PC" duration="00:00:00.9393760" startTime="2012-04-15T22:23:17.9994735-03:00" endTime="2012-04-15T22:23:18.9475234-03:00" testType="13cdc9d9-ddb5-4fa4-a97d-d965ccfc6d4b" outcome="Passed" testListId="8c84fa94-04c1-424b-9868-57a2d4851a1d" relativeResultsDirectory="851da71c-3cd8-499e-bdbd-40387fbdc176">
    </UnitTestResult>
    <UnitTestResult executionId="327bd2c4-a60c-42b0-a5d0-3ba246eacfdf" testId="726a5bb4-9b7c-e7ec-a2fe-831bc4b50f36" testName="Delete_HappyPath" computerName="ANDRE-PC" duration="00:00:00.9069204" startTime="2012-04-15T22:23:18.9695247-03:00" endTime="2012-04-15T22:23:19.9275762-03:00" testType="13cdc9d9-ddb5-4fa4-a97d-d965ccfc6d4b" outcome="Passed" testListId="8c84fa94-04c1-424b-9868-57a2d4851a1d" relativeResultsDirectory="327bd2c4-a60c-42b0-a5d0-3ba246eacfdf">
    </UnitTestResult>
    <UnitTestResult executionId="30dc84af-8fbc-42c3-8c0b-0dd9f6d4c81c" testId="8ad46afa-eca0-79c4-56f7-49478b8f2eb0" testName="Edit_5_CanSaveAllFieldsWhenModelDoesNotExist" computerName="ANDRE-PC" duration="00:00:00.8148666" startTime="2012-04-15T22:23:19.9295763-03:00" endTime="2012-04-15T22:23:20.7500197-03:00" testType="13cdc9d9-ddb5-4fa4-a97d-d965ccfc6d4b" outcome="Passed" testListId="8c84fa94-04c1-424b-9868-57a2d4851a1d" relativeResultsDirectory="30dc84af-8fbc-42c3-8c0b-0dd9f6d4c81c">
    </UnitTestResult>
    <UnitTestResult executionId="78da442f-87c6-43ee-979b-4f9702a08bdd" testId="a9c2d8ef-8ba3-864f-6ea6-4ddc26091c80" testName="Edit_4_AllFieldsInTheTextMustBeDeclaredWithTheExceptionOfPatient" computerName="ANDRE-PC" duration="00:00:00.7634091" startTime="2012-04-15T22:23:20.7530199-03:00" endTime="2012-04-15T22:23:21.5220639-03:00" testType="13cdc9d9-ddb5-4fa4-a97d-d965ccfc6d4b" outcome="Passed" testListId="8c84fa94-04c1-424b-9868-57a2d4851a1d" relativeResultsDirectory="78da442f-87c6-43ee-979b-4f9702a08bdd">
    </UnitTestResult>
    <UnitTestResult executionId="d1ba79b9-9a20-46e9-b2e1-6b0ff420f212" testId="b17a794d-9843-f1d9-6c87-beeeb8c3629e" testName="Edit_1_CreateIfItDoesntExist" computerName="ANDRE-PC" duration="00:00:00.7315804" startTime="2012-04-15T22:23:21.5360647-03:00" endTime="2012-04-15T22:23:22.2971082-03:00" testType="13cdc9d9-ddb5-4fa4-a97d-d965ccfc6d4b" outcome="Passed" testListId="8c84fa94-04c1-424b-9868-57a2d4851a1d" relativeResultsDirectory="d1ba79b9-9a20-46e9-b2e1-6b0ff420f212">
    </UnitTestResult>
    <UnitTestResult executionId="e4f07993-59c2-4f4f-9484-f42615a88d22" testId="be5c3fd0-b537-a2f6-1213-29c231a57f6f" testName="Edit_3_CannotSaveWithInvalidModelIdAndId" computerName="ANDRE-PC" duration="00:00:00.4960931" startTime="2012-04-15T22:23:22.3241098-03:00" endTime="2012-04-15T22:23:22.8241200-03:00" testType="13cdc9d9-ddb5-4fa4-a97d-d965ccfc6d4b" outcome="Passed" testListId="8c84fa94-04c1-424b-9868-57a2d4851a1d" relativeResultsDirectory="e4f07993-59c2-4f4f-9484-f42615a88d22">
    </UnitTestResult>
    <UnitTestResult executionId="e20e4e4b-9468-4707-9716-3039b49147c2" testId="c646ae78-61a8-6b7f-04dd-4875a2e65d3a" testName="Edit_2_CannotSaveWithInvalidPatient" computerName="ANDRE-PC" duration="00:00:00.7586961" startTime="2012-04-15T22:23:22.8241200-03:00" endTime="2012-04-15T22:23:23.5841210-03:00" testType="13cdc9d9-ddb5-4fa4-a97d-d965ccfc6d4b" outcome="Passed" testListId="8c84fa94-04c1-424b-9868-57a2d4851a1d" relativeResultsDirectory="e20e4e4b-9468-4707-9716-3039b49147c2">
    </UnitTestResult>
    <UnitTestResult executionId="3be3b8eb-ba07-4607-ab3f-9877f55e83ef" testId="d1e32f09-1346-5fe3-495a-5fffef038602" testName="Edit_2_SymptomsThatExistMustBeReferenced" computerName="ANDRE-PC" duration="00:00:00.7366381" startTime="2012-04-15T22:23:23.5941210-03:00" endTime="2012-04-15T22:23:24.3341221-03:00" testType="13cdc9d9-ddb5-4fa4-a97d-d965ccfc6d4b" outcome="Passed" testListId="8c84fa94-04c1-424b-9868-57a2d4851a1d" relativeResultsDirectory="3be3b8eb-ba07-4607-ab3f-9877f55e83ef">
    </UnitTestResult>
    <UnitTestResult executionId="3a66e79f-7dde-4062-8ad3-7ee2733ae18a" testId="d6022e27-9611-eb2e-ec54-245d47e99307" testName="Edit_Existing_HappyPath" computerName="ANDRE-PC" duration="00:00:00.7783508" startTime="2012-04-15T22:23:24.3341221-03:00" endTime="2012-04-15T22:23:25.1285601-03:00" testType="13cdc9d9-ddb5-4fa4-a97d-d965ccfc6d4b" outcome="Passed" testListId="8c84fa94-04c1-424b-9868-57a2d4851a1d" relativeResultsDirectory="3a66e79f-7dde-4062-8ad3-7ee2733ae18a">
    </UnitTestResult>
    <UnitTestResult executionId="74955e16-2924-4554-bd96-e4baa6322e4d" testId="da6ff516-a175-cf7e-1426-3150ac2dd6f1" testName="Edit_5_CanProperlyCreateModelWithNoFields" computerName="ANDRE-PC" duration="00:00:00.6571860" startTime="2012-04-15T22:23:25.1305603-03:00" endTime="2012-04-15T22:23:25.7945955-03:00" testType="13cdc9d9-ddb5-4fa4-a97d-d965ccfc6d4b" outcome="Passed" testListId="8c84fa94-04c1-424b-9868-57a2d4851a1d" relativeResultsDirectory="74955e16-2924-4554-bd96-e4baa6322e4d">
    </UnitTestResult>
    <UnitTestResult executionId="ffed4acb-599d-4cb3-a86c-327d3631eb80" testId="ebf3e47b-d14a-7c74-dc98-2b6cbaf08fbd" testName="Edit_1_CannotSaveWithInvalidModelId" computerName="ANDRE-PC" duration="00:00:00.6949042" startTime="2012-04-15T22:23:25.7995957-03:00" endTime="2012-04-15T22:23:26.5136366-03:00" testType="13cdc9d9-ddb5-4fa4-a97d-d965ccfc6d4b" outcome="Passed" testListId="8c84fa94-04c1-424b-9868-57a2d4851a1d" relativeResultsDirectory="ffed4acb-599d-4cb3-a86c-327d3631eb80">
    </UnitTestResult>
    <UnitTestResult executionId="626a9519-2b4d-438d-a432-e31b3077120d" testId="f7a445b4-027e-bd35-529e-6c76d0124a9f" testName="Edit_4_AllFieldsInTheTextMustBeDeclared" computerName="ANDRE-PC" duration="00:00:00.8641992" startTime="2012-04-15T22:23:26.5196369-03:00" endTime="2012-04-15T22:23:27.3984835-03:00" testType="13cdc9d9-ddb5-4fa4-a97d-d965ccfc6d4b" outcome="Passed" testListId="8c84fa94-04c1-424b-9868-57a2d4851a1d" relativeResultsDirectory="626a9519-2b4d-438d-a432-e31b3077120d">
    </UnitTestResult>
    <UnitTestResult executionId="037994b9-9fb7-4400-923c-c9a5560ad2ef" testId="f7dc56dc-f7ad-b300-031a-f461b1d69216" testName="Edit_1_CannotAddFieldWithNotAllowedCharacters" computerName="ANDRE-PC" duration="00:00:00.7696452" startTime="2012-04-15T22:23:27.4004836-03:00" endTime="2012-04-15T22:23:28.1785247-03:00" testType="13cdc9d9-ddb5-4fa4-a97d-d965ccfc6d4b" outcome="Passed" testListId="8c84fa94-04c1-424b-9868-57a2d4851a1d" relativeResultsDirectory="037994b9-9fb7-4400-923c-c9a5560ad2ef">
    </UnitTestResult>
  </Results>
</TestRun>