<?xml version="1.0" encoding="UTF-8"?>
<TestRun id="7784754b-7d6f-4c38-a926-554b2d8f1157" name="andre@ANDRE-PC 2012-04-15 22:24:40" runUser="andre-PC\andre" xmlns="http://microsoft.com/schemas/VisualStudio/TeamTest/2010">
  <TestSettings name="Local" id="ef9f2aab-2efc-4d6e-a3fa-346b6afda278">
    <Description>These are default test settings for a local test run.</Description>
    <Deployment enabled="false" runDeploymentRoot="andre_ANDRE-PC 2012-04-15 22_24_40">
      <DeploymentItem filename="C:\Program Files (x86)\Microsoft ASP.NET\ASP.NET MVC 3\Assemblies\System.Web.Mvc.dll" />
      <DeploymentItem filename="D:\Projetos\Azure\Cerebello\ThirdParty\Bin\Moq.4.0.10827\Moq.dll" />
      <DeploymentItem filename="C:\Program Files\Windows Azure SDK\v1.6\ref\Microsoft.WindowsAzure.Diagnostics.dll" />
      <DeploymentItem filename="D:\Projetos\ThirdParty\Bin\HtmlAgilityPack\HtmlAgilityPack.dll" />
      <DeploymentItem filename="C:\Program Files (x86)\Microsoft ASP.NET\ASP.NET Web Pages\v1.0\Assemblies\System.Web.WebPages.Deployment.dll" />
      <DeploymentItem filename="D:\Projetos\Azure\Cerebello\Cerebello.Model\bin\Debug\Cerebello.Model.dll" />
      <DeploymentItem filename="C:\Program Files (x86)\Microsoft ASP.NET\ASP.NET Web Pages\v1.0\Assemblies\System.Web.Helpers.dll" />
      <DeploymentItem filename="C:\Program Files (x86)\Microsoft ASP.NET\ASP.NET Web Pages\v1.0\Assemblies\System.Web.WebPages.dll" />
      <DeploymentItem filename="C:\Program Files\Windows Azure SDK\v1.6\ref\Microsoft.WindowsAzure.StorageClient.dll" />
      <DeploymentItem filename="D:\Projetos\ThirdParty\Bin\CipherLite\CipherLite.dll" />
      <DeploymentItem filename="D:\Projetos\ThirdParty\Bin\iTextShap\itextsharp-dll-core-5.1.3\itextsharp.dll" />
      <DeploymentItem filename="C:\Program Files (x86)\Microsoft ASP.NET\ASP.NET Web Pages\v1.0\Assemblies\Microsoft.Web.Infrastructure.dll" />
      <DeploymentItem filename="D:\Projetos\Azure\Cerebello\packages\System.Web.Providers.1.0.1\lib\Net40\System.Web.Providers.dll" />
      <DeploymentItem filename="C:\Program Files (x86)\Microsoft ASP.NET\ASP.NET Web Pages\v1.0\Assemblies\System.Web.Razor.dll" />
      <DeploymentItem filename="D:\Projetos\ThirdParty\Bin\iTextShap\itextsharp-dll-xtra-5.1.3\itextsharp.xtra.dll" />
      <DeploymentItem filename="D:\Projetos\Azure\Cerebello\CerebelloWebRole\bin\CerebelloWebRole.dll" />
      <DeploymentItem filename="D:\Projetos\Azure\Cerebello\Cerebello.Firestarter\bin\Debug\Cerebello.Firestarter.exe" />
      <DeploymentItem filename="C:\Program Files (x86)\Microsoft ASP.NET\ASP.NET Web Pages\v1.0\Assemblies\System.Web.WebPages.Razor.dll" />
      <DeploymentItem filename="D:\Projetos\Library\CommonLib\bin\Debug\CommonLib.dll" />
    </Deployment>
    <Execution>
      <TestTypeSpecific />
      <AgentRule name="Execution Agents">
      </AgentRule>
    </Execution>
  </TestSettings>
  <Times creation="2012-04-15T22:24:40.7267599-03:00" queuing="2012-04-15T22:24:40.7867634-03:00" start="2012-04-15T22:24:40.8267657-03:00" finish="2012-04-15T22:25:58.8284720-03:00" />
  <ResultSummary outcome="Error">
    <Counters total="21" executed="21" passed="19" error="0" failed="2" timeout="0" aborted="0" inconclusive="0" passedButRunAborted="0" notRunnable="0" notExecuted="0" disconnected="0" warning="0" completed="0" inProgress="0" pending="0" />
    <RunInfos>
      <RunInfo computerName="ANDRE-PC" outcome="Error" timestamp="2012-04-15T22:25:18.7956536-03:00">
        <Text>Class Cleanup method MedicalCertificatesControllerTests.ClassCleanup failed. Error Message: System.Data.SqlClient.SqlException: Cannot detach the database 'CerebelloTEST' because it is currently in use.. Stack Trace:     at System.Data.SqlClient.SqlConnection.OnError(SqlException exception, Boolean breakConnection)
   at System.Data.SqlClient.SqlInternalConnection.OnError(SqlException exception, Boolean breakConnection)
   at System.Data.SqlClient.TdsParser.ThrowExceptionAndWarning()
   at System.Data.SqlClient.TdsParser.Run(RunBehavior runBehavior, SqlCommand cmdHandler, SqlDataReader dataStream, BulkCopySimpleResultSet bulkCopyHandler, TdsParserStateObject stateObj)
   at System.Data.SqlClient.SqlCommand.RunExecuteNonQueryTds(String methodName, Boolean async)
   at System.Data.SqlClient.SqlCommand.InternalExecuteNonQuery(DbAsyncResult result, String methodName, Boolean sendToPipe)
   at System.Data.SqlClient.SqlCommand.ExecuteNonQuery()
   at CerebelloWebRole.Tests.DatabaseHelper.DetachCerebelloTestDatabase() in D:\Projetos\Azure\Cerebello\CerebelloWebRole.Tests\DatabaseHelper.cs:line 86
   at CerebelloWebRole.Tests.MedicalCertificatesControllerTests.ClassCleanup() in D:\Projetos\Azure\Cerebello\CerebelloWebRole.Tests\Tests\MedicalCertificatesControllerTests.cs:line 32
</Text>
      </RunInfo>
      <RunInfo computerName="ANDRE-PC" outcome="Error" timestamp="2012-04-15T22:25:38.8047860-03:00">
        <Text>Class Cleanup method AnamnesesControllerTests.ClassCleanup failed. Error Message: System.Data.SqlClient.SqlException: Cannot detach the database 'CerebelloTEST' because it is currently in use.. Stack Trace:     at System.Data.SqlClient.SqlConnection.OnError(SqlException exception, Boolean breakConnection)
   at System.Data.SqlClient.SqlInternalConnection.OnError(SqlException exception, Boolean breakConnection)
   at System.Data.SqlClient.TdsParser.ThrowExceptionAndWarning()
   at System.Data.SqlClient.TdsParser.Run(RunBehavior runBehavior, SqlCommand cmdHandler, SqlDataReader dataStream, BulkCopySimpleResultSet bulkCopyHandler, TdsParserStateObject stateObj)
   at System.Data.SqlClient.SqlCommand.RunExecuteNonQueryTds(String methodName, Boolean async)
   at System.Data.SqlClient.SqlCommand.InternalExecuteNonQuery(DbAsyncResult result, String methodName, Boolean sendToPipe)
   at System.Data.SqlClient.SqlCommand.ExecuteNonQuery()
   at CerebelloWebRole.Tests.DatabaseHelper.DetachCerebelloTestDatabase() in D:\Projetos\Azure\Cerebello\CerebelloWebRole.Tests\DatabaseHelper.cs:line 86
   at CerebelloWebRole.Tests.AnamnesesControllerTests.ClassCleanup() in D:\Projetos\Azure\Cerebello\CerebelloWebRole.Tests\Tests\AnamnesesControllerTests.cs:line 31
</Text>
      </RunInfo>
      <RunInfo computerName="ANDRE-PC" outcome="Error" timestamp="2012-04-15T22:25:58.8124711-03:00">
        <Text>Class Cleanup method ModelMedicalCertificateControllerTests.ClassCleanup failed. Error Message: System.Data.SqlClient.SqlException: Cannot detach the database 'CerebelloTEST' because it is currently in use.. Stack Trace:     at System.Data.SqlClient.SqlConnection.OnError(SqlException exception, Boolean breakConnection)
   at System.Data.SqlClient.SqlInternalConnection.OnError(SqlException exception, Boolean breakConnection)
   at System.Data.SqlClient.TdsParser.ThrowExceptionAndWarning()
   at System.Data.SqlClient.TdsParser.Run(RunBehavior runBehavior, SqlCommand cmdHandler, SqlDataReader dataStream, BulkCopySimpleResultSet bulkCopyHandler, TdsParserStateObject stateObj)
   at System.Data.SqlClient.SqlCommand.RunExecuteNonQueryTds(String methodName, Boolean async)
   at System.Data.SqlClient.SqlCommand.InternalExecuteNonQuery(DbAsyncResult result, String methodName, Boolean sendToPipe)
   at System.Data.SqlClient.SqlCommand.ExecuteNonQuery()
   at CerebelloWebRole.Tests.DatabaseHelper.DetachCerebelloTestDatabase() in D:\Projetos\Azure\Cerebello\CerebelloWebRole.Tests\DatabaseHelper.cs:line 86
   at CerebelloWebRole.Tests.ModelMedicalCertificateControllerTests.ClassCleanup() in D:\Projetos\Azure\Cerebello\CerebelloWebRole.Tests\Tests\ModelMedicalCertificateControllerTests.cs:line 39
</Text>
      </RunInfo>
    </RunInfos>
  </ResultSummary>
  <TestDefinitions>
    <UnitTest name="Edit_1_CannotSaveWithInvalidModelId" storage="d:\projetos\azure\cerebello\cerebellowebrole.tests\bin\debug\cerebellowebrole.tests.dll" id="ebf3e47b-d14a-7c74-dc98-2b6cbaf08fbd">
      <Execution id="c9b458f2-03d1-4fb1-910d-e21316cd2486" />
      <TestMethod codeBase="D:/Projetos/Azure/Cerebello/CerebelloWebRole.Tests/bin/Debug/CerebelloWebRole.Tests.DLL" adapterTypeName="Microsoft.VisualStudio.TestTools.TestTypes.Unit.UnitTestAdapter, Microsoft.VisualStudio.QualityTools.Tips.UnitTest.Adapter, Version=10.0.0.0, Culture=neutral, PublicKeyToken=b03f5f7f11d50a3a" className="CerebelloWebRole.Tests.MedicalCertificatesControllerTests, CerebelloWebRole.Tests, Version=1.0.0.0, Culture=neutral, PublicKeyToken=null" name="Edit_1_CannotSaveWithInvalidModelId" />
    </UnitTest>
    <UnitTest name="Edit_New_HappyPath" storage="d:\projetos\azure\cerebello\cerebellowebrole.tests\bin\debug\cerebellowebrole.tests.dll" id="3ade3956-00aa-d0a4-1abf-f65910587805">
      <Execution id="a5ca3b1f-9682-4a32-8209-6325b9506daa" />
      <TestMethod codeBase="D:/Projetos/Azure/Cerebello/CerebelloWebRole.Tests/bin/Debug/CerebelloWebRole.Tests.DLL" adapterTypeName="Microsoft.VisualStudio.TestTools.TestTypes.Unit.UnitTestAdapter, Microsoft.VisualStudio.QualityTools.Tips.UnitTest.Adapter, Version=10.0.0.0, Culture=neutral, PublicKeyToken=b03f5f7f11d50a3a" className="CerebelloWebRole.Tests.ModelMedicalCertificateControllerTests, CerebelloWebRole.Tests, Version=1.0.0.0, Culture=neutral, PublicKeyToken=null" name="Edit_New_HappyPath" />
    </UnitTest>
    <UnitTest name="Edit_4_AllFieldsInTheTextMustBeDeclaredWithTheExceptionOfPatient" storage="d:\projetos\azure\cerebello\cerebellowebrole.tests\bin\debug\cerebellowebrole.tests.dll" id="a9c2d8ef-8ba3-864f-6ea6-4ddc26091c80">
      <Execution id="f1707229-e66f-4cd4-ac51-70f5e8ccce7c" />
      <TestMethod codeBase="D:/Projetos/Azure/Cerebello/CerebelloWebRole.Tests/bin/Debug/CerebelloWebRole.Tests.DLL" adapterTypeName="Microsoft.VisualStudio.TestTools.TestTypes.Unit.UnitTestAdapter, Microsoft.VisualStudio.QualityTools.Tips.UnitTest.Adapter, Version=10.0.0.0, Culture=neutral, PublicKeyToken=b03f5f7f11d50a3a" className="CerebelloWebRole.Tests.ModelMedicalCertificateControllerTests, CerebelloWebRole.Tests, Version=1.0.0.0, Culture=neutral, PublicKeyToken=null" name="Edit_4_AllFieldsInTheTextMustBeDeclaredWithTheExceptionOfPatient" />
    </UnitTest>
    <UnitTest name="Edit_5_CanSaveAllFieldsWhenModelDoesNotExist" storage="d:\projetos\azure\cerebello\cerebellowebrole.tests\bin\debug\cerebellowebrole.tests.dll" id="8ad46afa-eca0-79c4-56f7-49478b8f2eb0">
      <Execution id="9efde1a9-df9e-4b68-966b-4ecc70f459b7" />
      <TestMethod codeBase="D:/Projetos/Azure/Cerebello/CerebelloWebRole.Tests/bin/Debug/CerebelloWebRole.Tests.DLL" adapterTypeName="Microsoft.VisualStudio.TestTools.TestTypes.Unit.UnitTestAdapter, Microsoft.VisualStudio.QualityTools.Tips.UnitTest.Adapter, Version=10.0.0.0, Culture=neutral, PublicKeyToken=b03f5f7f11d50a3a" className="CerebelloWebRole.Tests.MedicalCertificatesControllerTests, CerebelloWebRole.Tests, Version=1.0.0.0, Culture=neutral, PublicKeyToken=null" name="Edit_5_CanSaveAllFieldsWhenModelDoesNotExist" />
    </UnitTest>
    <UnitTest name="Edit_5_CanProperlyCreateModelWithNoFields" storage="d:\projetos\azure\cerebello\cerebellowebrole.tests\bin\debug\cerebellowebrole.tests.dll" id="da6ff516-a175-cf7e-1426-3150ac2dd6f1">
      <Execution id="a03b6665-7ade-404c-be9d-d00f6617254e" />
      <TestMethod codeBase="D:/Projetos/Azure/Cerebello/CerebelloWebRole.Tests/bin/Debug/CerebelloWebRole.Tests.DLL" adapterTypeName="Microsoft.VisualStudio.TestTools.TestTypes.Unit.UnitTestAdapter, Microsoft.VisualStudio.QualityTools.Tips.UnitTest.Adapter, Version=10.0.0.0, Culture=neutral, PublicKeyToken=b03f5f7f11d50a3a" className="CerebelloWebRole.Tests.ModelMedicalCertificateControllerTests, CerebelloWebRole.Tests, Version=1.0.0.0, Culture=neutral, PublicKeyToken=null" name="Edit_5_CanProperlyCreateModelWithNoFields" />
    </UnitTest>
    <UnitTest name="Delete_HappyPath" storage="d:\projetos\azure\cerebello\cerebellowebrole.tests\bin\debug\cerebellowebrole.tests.dll" id="726a5bb4-9b7c-e7ec-a2fe-831bc4b50f36">
      <Execution id="1b6792d8-3182-4b32-8c5e-4a8677b903db" />
      <TestMethod codeBase="D:/Projetos/Azure/Cerebello/CerebelloWebRole.Tests/bin/Debug/CerebelloWebRole.Tests.DLL" adapterTypeName="Microsoft.VisualStudio.TestTools.TestTypes.Unit.UnitTestAdapter, Microsoft.VisualStudio.QualityTools.Tips.UnitTest.Adapter, Version=10.0.0.0, Culture=neutral, PublicKeyToken=b03f5f7f11d50a3a" className="CerebelloWebRole.Tests.ModelMedicalCertificateControllerTests, CerebelloWebRole.Tests, Version=1.0.0.0, Culture=neutral, PublicKeyToken=null" name="Delete_HappyPath" />
    </UnitTest>
    <UnitTest name="Edit_1_CannotAddFieldWithNotAllowedCharacters" storage="d:\projetos\azure\cerebello\cerebellowebrole.tests\bin\debug\cerebellowebrole.tests.dll" id="f7dc56dc-f7ad-b300-031a-f461b1d69216">
      <Execution id="81f58ae1-0d7a-49d9-9f15-6475726a4387" />
      <TestMethod codeBase="D:/Projetos/Azure/Cerebello/CerebelloWebRole.Tests/bin/Debug/CerebelloWebRole.Tests.DLL" adapterTypeName="Microsoft.VisualStudio.TestTools.TestTypes.Unit.UnitTestAdapter, Microsoft.VisualStudio.QualityTools.Tips.UnitTest.Adapter, Version=10.0.0.0, Culture=neutral, PublicKeyToken=b03f5f7f11d50a3a" className="CerebelloWebRole.Tests.ModelMedicalCertificateControllerTests, CerebelloWebRole.Tests, Version=1.0.0.0, Culture=neutral, PublicKeyToken=null" name="Edit_1_CannotAddFieldWithNotAllowedCharacters" />
    </UnitTest>
    <UnitTest name="Delete_2_ShouldReturnProperResultWhenNotExisting" storage="d:\projetos\azure\cerebello\cerebellowebrole.tests\bin\debug\cerebellowebrole.tests.dll" id="22c0653d-06de-02b2-ff5a-5a058eaff4b2">
      <Execution id="7df057f4-b607-4ac0-9b4d-7828ce1f4fac" />
      <TestMethod codeBase="D:/Projetos/Azure/Cerebello/CerebelloWebRole.Tests/bin/Debug/CerebelloWebRole.Tests.DLL" adapterTypeName="Microsoft.VisualStudio.TestTools.TestTypes.Unit.UnitTestAdapter, Microsoft.VisualStudio.QualityTools.Tips.UnitTest.Adapter, Version=10.0.0.0, Culture=neutral, PublicKeyToken=b03f5f7f11d50a3a" className="CerebelloWebRole.Tests.AnamnesesControllerTests, CerebelloWebRole.Tests, Version=1.0.0.0, Culture=neutral, PublicKeyToken=null" name="Delete_2_ShouldReturnProperResultWhenNotExisting" />
    </UnitTest>
    <UnitTest name="Edit_HappyPath" storage="d:\projetos\azure\cerebello\cerebellowebrole.tests\bin\debug\cerebellowebrole.tests.dll" id="2991ac51-0559-0a18-e396-d1c6f83abee5">
      <Execution id="d1cc8c06-f320-46de-b340-e8e71187a21c" />
      <TestMethod codeBase="D:/Projetos/Azure/Cerebello/CerebelloWebRole.Tests/bin/Debug/CerebelloWebRole.Tests.DLL" adapterTypeName="Microsoft.VisualStudio.TestTools.TestTypes.Unit.UnitTestAdapter, Microsoft.VisualStudio.QualityTools.Tips.UnitTest.Adapter, Version=10.0.0.0, Culture=neutral, PublicKeyToken=b03f5f7f11d50a3a" className="CerebelloWebRole.Tests.MedicalCertificatesControllerTests, CerebelloWebRole.Tests, Version=1.0.0.0, Culture=neutral, PublicKeyToken=null" name="Edit_HappyPath" />
    </UnitTest>
    <UnitTest name="Edit_2_CannotSaveWithInvalidPatient" storage="d:\projetos\azure\cerebello\cerebellowebrole.tests\bin\debug\cerebellowebrole.tests.dll" id="c646ae78-61a8-6b7f-04dd-4875a2e65d3a">
      <Execution id="2de23cba-ecd9-40f3-84f1-1e08868be376" />
      <TestMethod codeBase="D:/Projetos/Azure/Cerebello/CerebelloWebRole.Tests/bin/Debug/CerebelloWebRole.Tests.DLL" adapterTypeName="Microsoft.VisualStudio.TestTools.TestTypes.Unit.UnitTestAdapter, Microsoft.VisualStudio.QualityTools.Tips.UnitTest.Adapter, Version=10.0.0.0, Culture=neutral, PublicKeyToken=b03f5f7f11d50a3a" className="CerebelloWebRole.Tests.MedicalCertificatesControllerTests, CerebelloWebRole.Tests, Version=1.0.0.0, Culture=neutral, PublicKeyToken=null" name="Edit_2_CannotSaveWithInvalidPatient" />
    </UnitTest>
    <UnitTest name="Delete_HappyPath" storage="d:\projetos\azure\cerebello\cerebellowebrole.tests\bin\debug\cerebellowebrole.tests.dll" id="2d97d549-56fe-0637-6441-464f76f05c69">
      <Execution id="6d984891-f7d4-4c35-97a5-7a6521787f90" />
      <TestMethod codeBase="D:/Projetos/Azure/Cerebello/CerebelloWebRole.Tests/bin/Debug/CerebelloWebRole.Tests.DLL" adapterTypeName="Microsoft.VisualStudio.TestTools.TestTypes.Unit.UnitTestAdapter, Microsoft.VisualStudio.QualityTools.Tips.UnitTest.Adapter, Version=10.0.0.0, Culture=neutral, PublicKeyToken=b03f5f7f11d50a3a" className="CerebelloWebRole.Tests.MedicalCertificatesControllerTests, CerebelloWebRole.Tests, Version=1.0.0.0, Culture=neutral, PublicKeyToken=null" name="Delete_HappyPath" />
    </UnitTest>
    <UnitTest name="Edit_4_AllFieldsInTheTextMustBeDeclared" storage="d:\projetos\azure\cerebello\cerebellowebrole.tests\bin\debug\cerebellowebrole.tests.dll" id="f7a445b4-027e-bd35-529e-6c76d0124a9f">
      <Execution id="3c92aec8-8bbc-4b46-9b5d-2d75e5596f28" />
      <TestMethod codeBase="D:/Projetos/Azure/Cerebello/CerebelloWebRole.Tests/bin/Debug/CerebelloWebRole.Tests.DLL" adapterTypeName="Microsoft.VisualStudio.TestTools.TestTypes.Unit.UnitTestAdapter, Microsoft.VisualStudio.QualityTools.Tips.UnitTest.Adapter, Version=10.0.0.0, Culture=neutral, PublicKeyToken=b03f5f7f11d50a3a" className="CerebelloWebRole.Tests.ModelMedicalCertificateControllerTests, CerebelloWebRole.Tests, Version=1.0.0.0, Culture=neutral, PublicKeyToken=null" name="Edit_4_AllFieldsInTheTextMustBeDeclared" />
    </UnitTest>
    <UnitTest name="Edit_3_CannotSaveWithInvalidModelIdAndId" storage="d:\projetos\azure\cerebello\cerebellowebrole.tests\bin\debug\cerebellowebrole.tests.dll" id="be5c3fd0-b537-a2f6-1213-29c231a57f6f">
      <Execution id="24d526a4-33d0-43e3-8e6c-3a4c3909441a" />
      <TestMethod codeBase="D:/Projetos/Azure/Cerebello/CerebelloWebRole.Tests/bin/Debug/CerebelloWebRole.Tests.DLL" adapterTypeName="Microsoft.VisualStudio.TestTools.TestTypes.Unit.UnitTestAdapter, Microsoft.VisualStudio.QualityTools.Tips.UnitTest.Adapter, Version=10.0.0.0, Culture=neutral, PublicKeyToken=b03f5f7f11d50a3a" className="CerebelloWebRole.Tests.MedicalCertificatesControllerTests, CerebelloWebRole.Tests, Version=1.0.0.0, Culture=neutral, PublicKeyToken=null" name="Edit_3_CannotSaveWithInvalidModelIdAndId" />
    </UnitTest>
    <UnitTest name="Delete_1_HappyPath" storage="d:\projetos\azure\cerebello\cerebellowebrole.tests\bin\debug\cerebellowebrole.tests.dll" id="c2ec3d3f-37b6-59b7-2b75-e5c4d9997483">
      <Execution id="e0d06c80-ddb7-48c7-94b8-f756d18f9555" />
      <TestMethod codeBase="D:/Projetos/Azure/Cerebello/CerebelloWebRole.Tests/bin/Debug/CerebelloWebRole.Tests.DLL" adapterTypeName="Microsoft.VisualStudio.TestTools.TestTypes.Unit.UnitTestAdapter, Microsoft.VisualStudio.QualityTools.Tips.UnitTest.Adapter, Version=10.0.0.0, Culture=neutral, PublicKeyToken=b03f5f7f11d50a3a" className="CerebelloWebRole.Tests.AnamnesesControllerTests, CerebelloWebRole.Tests, Version=1.0.0.0, Culture=neutral, PublicKeyToken=null" name="Delete_1_HappyPath" />
    </UnitTest>
    <UnitTest name="Edit_1_CreateIfItDoesntExist" storage="d:\projetos\azure\cerebello\cerebellowebrole.tests\bin\debug\cerebellowebrole.tests.dll" id="b17a794d-9843-f1d9-6c87-beeeb8c3629e">
      <Execution id="8c0dc548-fc03-4842-95e6-a15c6d41458e" />
      <TestMethod codeBase="D:/Projetos/Azure/Cerebello/CerebelloWebRole.Tests/bin/Debug/CerebelloWebRole.Tests.DLL" adapterTypeName="Microsoft.VisualStudio.TestTools.TestTypes.Unit.UnitTestAdapter, Microsoft.VisualStudio.QualityTools.Tips.UnitTest.Adapter, Version=10.0.0.0, Culture=neutral, PublicKeyToken=b03f5f7f11d50a3a" className="CerebelloWebRole.Tests.AnamnesesControllerTests, CerebelloWebRole.Tests, Version=1.0.0.0, Culture=neutral, PublicKeyToken=null" name="Edit_1_CreateIfItDoesntExist" />
    </UnitTest>
    <UnitTest name="GetCertificateText_HappyPath" storage="d:\projetos\azure\cerebello\cerebellowebrole.tests\bin\debug\cerebellowebrole.tests.dll" id="6b210cc2-df8e-72e7-9de4-ed61a7d5644e">
      <Execution id="89de53a7-e888-41c4-bfcd-deda24fb6166" />
      <TestMethod codeBase="D:/Projetos/Azure/Cerebello/CerebelloWebRole.Tests/bin/Debug/CerebelloWebRole.Tests.DLL" adapterTypeName="Microsoft.VisualStudio.TestTools.TestTypes.Unit.UnitTestAdapter, Microsoft.VisualStudio.QualityTools.Tips.UnitTest.Adapter, Version=10.0.0.0, Culture=neutral, PublicKeyToken=b03f5f7f11d50a3a" className="CerebelloWebRole.Tests.MedicalCertificatesControllerTests, CerebelloWebRole.Tests, Version=1.0.0.0, Culture=neutral, PublicKeyToken=null" name="GetCertificateText_HappyPath" />
    </UnitTest>
    <UnitTest name="Edit_3_AllDeclaredFieldsMustBeReferenced" storage="d:\projetos\azure\cerebello\cerebellowebrole.tests\bin\debug\cerebellowebrole.tests.dll" id="4b41cbeb-89e7-e429-8520-393b7037c042">
      <Execution id="b9582bfc-8f75-496a-b9de-8f28e07946f0" />
      <TestMethod codeBase="D:/Projetos/Azure/Cerebello/CerebelloWebRole.Tests/bin/Debug/CerebelloWebRole.Tests.DLL" adapterTypeName="Microsoft.VisualStudio.TestTools.TestTypes.Unit.UnitTestAdapter, Microsoft.VisualStudio.QualityTools.Tips.UnitTest.Adapter, Version=10.0.0.0, Culture=neutral, PublicKeyToken=b03f5f7f11d50a3a" className="CerebelloWebRole.Tests.ModelMedicalCertificateControllerTests, CerebelloWebRole.Tests, Version=1.0.0.0, Culture=neutral, PublicKeyToken=null" name="Edit_3_AllDeclaredFieldsMustBeReferenced" />
    </UnitTest>
    <UnitTest name="Edit_2_CannotUseMalformedPlaceHolders" storage="d:\projetos\azure\cerebello\cerebellowebrole.tests\bin\debug\cerebellowebrole.tests.dll" id="247b13e5-656a-2369-c034-0cbe7e55f868">
      <Execution id="d8496165-681e-4807-985d-a0d56e2be01a" />
      <TestMethod codeBase="D:/Projetos/Azure/Cerebello/CerebelloWebRole.Tests/bin/Debug/CerebelloWebRole.Tests.DLL" adapterTypeName="Microsoft.VisualStudio.TestTools.TestTypes.Unit.UnitTestAdapter, Microsoft.VisualStudio.QualityTools.Tips.UnitTest.Adapter, Version=10.0.0.0, Culture=neutral, PublicKeyToken=b03f5f7f11d50a3a" className="CerebelloWebRole.Tests.ModelMedicalCertificateControllerTests, CerebelloWebRole.Tests, Version=1.0.0.0, Culture=neutral, PublicKeyToken=null" name="Edit_2_CannotUseMalformedPlaceHolders" />
    </UnitTest>
    <UnitTest name="Edit_2_SymptomsThatExistMustBeReferenced" storage="d:\projetos\azure\cerebello\cerebellowebrole.tests\bin\debug\cerebellowebrole.tests.dll" id="d1e32f09-1346-5fe3-495a-5fffef038602">
      <Execution id="ff18da84-d572-4626-a624-e3d8e78cfcbb" />
      <TestMethod codeBase="D:/Projetos/Azure/Cerebello/CerebelloWebRole.Tests/bin/Debug/CerebelloWebRole.Tests.DLL" adapterTypeName="Microsoft.VisualStudio.TestTools.TestTypes.Unit.UnitTestAdapter, Microsoft.VisualStudio.QualityTools.Tips.UnitTest.Adapter, Version=10.0.0.0, Culture=neutral, PublicKeyToken=b03f5f7f11d50a3a" className="CerebelloWebRole.Tests.AnamnesesControllerTests, CerebelloWebRole.Tests, Version=1.0.0.0, Culture=neutral, PublicKeyToken=null" name="Edit_2_SymptomsThatExistMustBeReferenced" />
    </UnitTest>
    <UnitTest name="Edit_4_CannotSaveACertificateWithInvalidFields" storage="d:\projetos\azure\cerebello\cerebellowebrole.tests\bin\debug\cerebellowebrole.tests.dll" id="2226a31a-b073-3995-dc8a-d66d152dfc43">
      <Execution id="494b42ff-f962-44a2-bad2-25c6e08231a9" />
      <TestMethod codeBase="D:/Projetos/Azure/Cerebello/CerebelloWebRole.Tests/bin/Debug/CerebelloWebRole.Tests.DLL" adapterTypeName="Microsoft.VisualStudio.TestTools.TestTypes.Unit.UnitTestAdapter, Microsoft.VisualStudio.QualityTools.Tips.UnitTest.Adapter, Version=10.0.0.0, Culture=neutral, PublicKeyToken=b03f5f7f11d50a3a" className="CerebelloWebRole.Tests.MedicalCertificatesControllerTests, CerebelloWebRole.Tests, Version=1.0.0.0, Culture=neutral, PublicKeyToken=null" name="Edit_4_CannotSaveACertificateWithInvalidFields" />
    </UnitTest>
    <UnitTest name="Edit_Existing_HappyPath" storage="d:\projetos\azure\cerebello\cerebellowebrole.tests\bin\debug\cerebellowebrole.tests.dll" id="d6022e27-9611-eb2e-ec54-245d47e99307">
      <Execution id="5ab692e5-e351-4d67-90cd-20fd248f53d8" />
      <TestMethod codeBase="D:/Projetos/Azure/Cerebello/CerebelloWebRole.Tests/bin/Debug/CerebelloWebRole.Tests.DLL" adapterTypeName="Microsoft.VisualStudio.TestTools.TestTypes.Unit.UnitTestAdapter, Microsoft.VisualStudio.QualityTools.Tips.UnitTest.Adapter, Version=10.0.0.0, Culture=neutral, PublicKeyToken=b03f5f7f11d50a3a" className="CerebelloWebRole.Tests.ModelMedicalCertificateControllerTests, CerebelloWebRole.Tests, Version=1.0.0.0, Culture=neutral, PublicKeyToken=null" name="Edit_Existing_HappyPath" />
    </UnitTest>
  </TestDefinitions>
  <TestLists>
    <TestList name="Results Not in a List" id="8c84fa94-04c1-424b-9868-57a2d4851a1d" />
    <TestList name="All Loaded Results" id="19431567-8539-422a-85d7-44ee4e166bda" />
  </TestLists>
  <TestEntries>
    <TestEntry testId="2226a31a-b073-3995-dc8a-d66d152dfc43" executionId="494b42ff-f962-44a2-bad2-25c6e08231a9" testListId="8c84fa94-04c1-424b-9868-57a2d4851a1d" />
    <TestEntry testId="22c0653d-06de-02b2-ff5a-5a058eaff4b2" executionId="7df057f4-b607-4ac0-9b4d-7828ce1f4fac" testListId="8c84fa94-04c1-424b-9868-57a2d4851a1d" />
    <TestEntry testId="247b13e5-656a-2369-c034-0cbe7e55f868" executionId="d8496165-681e-4807-985d-a0d56e2be01a" testListId="8c84fa94-04c1-424b-9868-57a2d4851a1d" />
    <TestEntry testId="2991ac51-0559-0a18-e396-d1c6f83abee5" executionId="d1cc8c06-f320-46de-b340-e8e71187a21c" testListId="8c84fa94-04c1-424b-9868-57a2d4851a1d" />
    <TestEntry testId="2d97d549-56fe-0637-6441-464f76f05c69" executionId="6d984891-f7d4-4c35-97a5-7a6521787f90" testListId="8c84fa94-04c1-424b-9868-57a2d4851a1d" />
    <TestEntry testId="3ade3956-00aa-d0a4-1abf-f65910587805" executionId="a5ca3b1f-9682-4a32-8209-6325b9506daa" testListId="8c84fa94-04c1-424b-9868-57a2d4851a1d" />
    <TestEntry testId="4b41cbeb-89e7-e429-8520-393b7037c042" executionId="b9582bfc-8f75-496a-b9de-8f28e07946f0" testListId="8c84fa94-04c1-424b-9868-57a2d4851a1d" />
    <TestEntry testId="6b210cc2-df8e-72e7-9de4-ed61a7d5644e" executionId="89de53a7-e888-41c4-bfcd-deda24fb6166" testListId="8c84fa94-04c1-424b-9868-57a2d4851a1d" />
    <TestEntry testId="726a5bb4-9b7c-e7ec-a2fe-831bc4b50f36" executionId="1b6792d8-3182-4b32-8c5e-4a8677b903db" testListId="8c84fa94-04c1-424b-9868-57a2d4851a1d" />
    <TestEntry testId="8ad46afa-eca0-79c4-56f7-49478b8f2eb0" executionId="9efde1a9-df9e-4b68-966b-4ecc70f459b7" testListId="8c84fa94-04c1-424b-9868-57a2d4851a1d" />
    <TestEntry testId="a9c2d8ef-8ba3-864f-6ea6-4ddc26091c80" executionId="f1707229-e66f-4cd4-ac51-70f5e8ccce7c" testListId="8c84fa94-04c1-424b-9868-57a2d4851a1d" />
    <TestEntry testId="b17a794d-9843-f1d9-6c87-beeeb8c3629e" executionId="8c0dc548-fc03-4842-95e6-a15c6d41458e" testListId="8c84fa94-04c1-424b-9868-57a2d4851a1d" />
    <TestEntry testId="be5c3fd0-b537-a2f6-1213-29c231a57f6f" executionId="24d526a4-33d0-43e3-8e6c-3a4c3909441a" testListId="8c84fa94-04c1-424b-9868-57a2d4851a1d" />
    <TestEntry testId="c2ec3d3f-37b6-59b7-2b75-e5c4d9997483" executionId="e0d06c80-ddb7-48c7-94b8-f756d18f9555" testListId="8c84fa94-04c1-424b-9868-57a2d4851a1d" />
    <TestEntry testId="c646ae78-61a8-6b7f-04dd-4875a2e65d3a" executionId="2de23cba-ecd9-40f3-84f1-1e08868be376" testListId="8c84fa94-04c1-424b-9868-57a2d4851a1d" />
    <TestEntry testId="d1e32f09-1346-5fe3-495a-5fffef038602" executionId="ff18da84-d572-4626-a624-e3d8e78cfcbb" testListId="8c84fa94-04c1-424b-9868-57a2d4851a1d" />
    <TestEntry testId="d6022e27-9611-eb2e-ec54-245d47e99307" executionId="5ab692e5-e351-4d67-90cd-20fd248f53d8" testListId="8c84fa94-04c1-424b-9868-57a2d4851a1d" />
    <TestEntry testId="da6ff516-a175-cf7e-1426-3150ac2dd6f1" executionId="a03b6665-7ade-404c-be9d-d00f6617254e" testListId="8c84fa94-04c1-424b-9868-57a2d4851a1d" />
    <TestEntry testId="ebf3e47b-d14a-7c74-dc98-2b6cbaf08fbd" executionId="c9b458f2-03d1-4fb1-910d-e21316cd2486" testListId="8c84fa94-04c1-424b-9868-57a2d4851a1d" />
    <TestEntry testId="f7a445b4-027e-bd35-529e-6c76d0124a9f" executionId="3c92aec8-8bbc-4b46-9b5d-2d75e5596f28" testListId="8c84fa94-04c1-424b-9868-57a2d4851a1d" />
    <TestEntry testId="f7dc56dc-f7ad-b300-031a-f461b1d69216" executionId="81f58ae1-0d7a-49d9-9f15-6475726a4387" testListId="8c84fa94-04c1-424b-9868-57a2d4851a1d" />
  </TestEntries>
  <Results>
    <UnitTestResult executionId="494b42ff-f962-44a2-bad2-25c6e08231a9" testId="2226a31a-b073-3995-dc8a-d66d152dfc43" testName="Edit_4_CannotSaveACertificateWithInvalidFields" computerName="ANDRE-PC" duration="00:00:02.4209878" startTime="2012-04-15T22:24:40.8447667-03:00" endTime="2012-04-15T22:24:43.6219255-03:00" testType="13cdc9d9-ddb5-4fa4-a97d-d965ccfc6d4b" outcome="Passed" testListId="8c84fa94-04c1-424b-9868-57a2d4851a1d" relativeResultsDirectory="494b42ff-f962-44a2-bad2-25c6e08231a9">
    </UnitTestResult>
    <UnitTestResult executionId="7df057f4-b607-4ac0-9b4d-7828ce1f4fac" testId="22c0653d-06de-02b2-ff5a-5a058eaff4b2" testName="Delete_2_ShouldReturnProperResultWhenNotExisting" computerName="ANDRE-PC" duration="00:00:00.8985791" startTime="2012-04-15T22:24:43.6229256-03:00" endTime="2012-04-15T22:24:44.5339777-03:00" testType="13cdc9d9-ddb5-4fa4-a97d-d965ccfc6d4b" outcome="Failed" testListId="8c84fa94-04c1-424b-9868-57a2d4851a1d" relativeResultsDirectory="7df057f4-b607-4ac0-9b4d-7828ce1f4fac">
      <Output>
        <ErrorInfo>
          <Message>Test method CerebelloWebRole.Tests.AnamnesesControllerTests.Delete_2_ShouldReturnProperResultWhenNotExisting threw exception: 
System.InvalidOperationException: Sequence contains no elements</Message>
          <StackTrace>    at System.Linq.Enumerable.First[TSource](IEnumerable`1 source)
   at System.Data.Objects.ELinq.ObjectQueryProvider.&lt;GetElementFunction&gt;b__0[TResult](IEnumerable`1 sequence)
   at System.Data.Objects.ELinq.ObjectQueryProvider.ExecuteSingle[TResult](IEnumerable`1 query, Expression queryRoot)
   at System.Data.Objects.ELinq.ObjectQueryProvider.System.Linq.IQueryProvider.Execute[S](Expression expression)
   at System.Linq.Queryable.First[TSource](IQueryable`1 source)
   at CerebelloWebRole.Areas.App.Controllers.AnamnesesController.Delete(Int32 id) in D:\Projetos\Azure\Cerebello\CerebelloWebRole\Areas\App\Controllers\AnamnesesController.cs:line 177
   at CerebelloWebRole.Tests.AnamnesesControllerTests.Delete_2_ShouldReturnProperResultWhenNotExisting() in D:\Projetos\Azure\Cerebello\CerebelloWebRole.Tests\Tests\AnamnesesControllerTests.cs:line 166
</StackTrace>
        </ErrorInfo>
      </Output>
    </UnitTestResult>
    <UnitTestResult executionId="d8496165-681e-4807-985d-a0d56e2be01a" testId="247b13e5-656a-2369-c034-0cbe7e55f868" testName="Edit_2_CannotUseMalformedPlaceHolders" computerName="ANDRE-PC" duration="00:00:00.7222354" startTime="2012-04-15T22:24:44.5379779-03:00" endTime="2012-04-15T22:24:45.2760201-03:00" testType="13cdc9d9-ddb5-4fa4-a97d-d965ccfc6d4b" outcome="Passed" testListId="8c84fa94-04c1-424b-9868-57a2d4851a1d" relativeResultsDirectory="d8496165-681e-4807-985d-a0d56e2be01a">
    </UnitTestResult>
    <UnitTestResult executionId="d1cc8c06-f320-46de-b340-e8e71187a21c" testId="2991ac51-0559-0a18-e396-d1c6f83abee5" testName="Edit_HappyPath" computerName="ANDRE-PC" duration="00:00:00.8626796" startTime="2012-04-15T22:24:45.2800204-03:00" endTime="2012-04-15T22:24:46.1560309-03:00" testType="13cdc9d9-ddb5-4fa4-a97d-d965ccfc6d4b" outcome="Passed" testListId="8c84fa94-04c1-424b-9868-57a2d4851a1d" relativeResultsDirectory="d1cc8c06-f320-46de-b340-e8e71187a21c">
    </UnitTestResult>
    <UnitTestResult executionId="6d984891-f7d4-4c35-97a5-7a6521787f90" testId="2d97d549-56fe-0637-6441-464f76f05c69" testName="Delete_HappyPath" computerName="ANDRE-PC" duration="00:00:00.8071892" startTime="2012-04-15T22:24:46.1660309-03:00" endTime="2012-04-15T22:24:46.9840626-03:00" testType="13cdc9d9-ddb5-4fa4-a97d-d965ccfc6d4b" outcome="Passed" testListId="8c84fa94-04c1-424b-9868-57a2d4851a1d" relativeResultsDirectory="6d984891-f7d4-4c35-97a5-7a6521787f90">
    </UnitTestResult>
    <UnitTestResult executionId="a5ca3b1f-9682-4a32-8209-6325b9506daa" testId="3ade3956-00aa-d0a4-1abf-f65910587805" testName="Edit_New_HappyPath" computerName="ANDRE-PC" duration="00:00:00.8439729" startTime="2012-04-15T22:24:46.9870628-03:00" endTime="2012-04-15T22:24:47.8391081-03:00" testType="13cdc9d9-ddb5-4fa4-a97d-d965ccfc6d4b" outcome="Passed" testListId="8c84fa94-04c1-424b-9868-57a2d4851a1d" relativeResultsDirectory="a5ca3b1f-9682-4a32-8209-6325b9506daa">
    </UnitTestResult>
    <UnitTestResult executionId="b9582bfc-8f75-496a-b9de-8f28e07946f0" testId="4b41cbeb-89e7-e429-8520-393b7037c042" testName="Edit_3_AllDeclaredFieldsMustBeReferenced" computerName="ANDRE-PC" duration="00:00:00.7820242" startTime="2012-04-15T22:24:47.8411083-03:00" endTime="2012-04-15T22:24:48.6339505-03:00" testType="13cdc9d9-ddb5-4fa4-a97d-d965ccfc6d4b" outcome="Passed" testListId="8c84fa94-04c1-424b-9868-57a2d4851a1d" relativeResultsDirectory="b9582bfc-8f75-496a-b9de-8f28e07946f0">
    </UnitTestResult>
    <UnitTestResult executionId="89de53a7-e888-41c4-bfcd-deda24fb6166" testId="6b210cc2-df8e-72e7-9de4-ed61a7d5644e" testName="GetCertificateText_HappyPath" computerName="ANDRE-PC" duration="00:00:00.6473831" startTime="2012-04-15T22:24:48.6379507-03:00" endTime="2012-04-15T22:24:49.2939882-03:00" testType="13cdc9d9-ddb5-4fa4-a97d-d965ccfc6d4b" outcome="Passed" testListId="8c84fa94-04c1-424b-9868-57a2d4851a1d" relativeResultsDirectory="89de53a7-e888-41c4-bfcd-deda24fb6166">
    </UnitTestResult>
    <UnitTestResult executionId="1b6792d8-3182-4b32-8c5e-4a8677b903db" testId="726a5bb4-9b7c-e7ec-a2fe-831bc4b50f36" testName="Delete_HappyPath" computerName="ANDRE-PC" duration="00:00:00.8895054" startTime="2012-04-15T22:24:49.2979884-03:00" endTime="2012-04-15T22:24:50.1930363-03:00" testType="13cdc9d9-ddb5-4fa4-a97d-d965ccfc6d4b" outcome="Passed" testListId="8c84fa94-04c1-424b-9868-57a2d4851a1d" relativeResultsDirectory="1b6792d8-3182-4b32-8c5e-4a8677b903db">
    </UnitTestResult>
    <UnitTestResult executionId="9efde1a9-df9e-4b68-966b-4ecc70f459b7" testId="8ad46afa-eca0-79c4-56f7-49478b8f2eb0" testName="Edit_5_CanSaveAllFieldsWhenModelDoesNotExist" computerName="ANDRE-PC" duration="00:00:00.6153369" startTime="2012-04-15T22:24:50.1950364-03:00" endTime="2012-04-15T22:24:50.8180687-03:00" testType="13cdc9d9-ddb5-4fa4-a97d-d965ccfc6d4b" outcome="Passed" testListId="8c84fa94-04c1-424b-9868-57a2d4851a1d" relativeResultsDirectory="9efde1a9-df9e-4b68-966b-4ecc70f459b7">
    </UnitTestResult>
    <UnitTestResult executionId="f1707229-e66f-4cd4-ac51-70f5e8ccce7c" testId="a9c2d8ef-8ba3-864f-6ea6-4ddc26091c80" testName="Edit_4_AllFieldsInTheTextMustBeDeclaredWithTheExceptionOfPatient" computerName="ANDRE-PC" duration="00:00:00.5390134" startTime="2012-04-15T22:24:50.8200688-03:00" endTime="2012-04-15T22:24:51.3651000-03:00" testType="13cdc9d9-ddb5-4fa4-a97d-d965ccfc6d4b" outcome="Passed" testListId="8c84fa94-04c1-424b-9868-57a2d4851a1d" relativeResultsDirectory="f1707229-e66f-4cd4-ac51-70f5e8ccce7c">
    </UnitTestResult>
    <UnitTestResult executionId="8c0dc548-fc03-4842-95e6-a15c6d41458e" testId="b17a794d-9843-f1d9-6c87-beeeb8c3629e" testName="Edit_1_CreateIfItDoesntExist" computerName="ANDRE-PC" duration="00:00:00.5439401" startTime="2012-04-15T22:24:51.3681001-03:00" endTime="2012-04-15T22:24:51.9181316-03:00" testType="13cdc9d9-ddb5-4fa4-a97d-d965ccfc6d4b" outcome="Passed" testListId="8c84fa94-04c1-424b-9868-57a2d4851a1d" relativeResultsDirectory="8c0dc548-fc03-4842-95e6-a15c6d41458e">
    </UnitTestResult>
    <UnitTestResult executionId="24d526a4-33d0-43e3-8e6c-3a4c3909441a" testId="be5c3fd0-b537-a2f6-1213-29c231a57f6f" testName="Edit_3_CannotSaveWithInvalidModelIdAndId" computerName="ANDRE-PC" duration="00:00:00.8373994" startTime="2012-04-15T22:24:51.9211318-03:00" endTime="2012-04-15T22:24:52.7641800-03:00" testType="13cdc9d9-ddb5-4fa4-a97d-d965ccfc6d4b" outcome="Passed" testListId="8c84fa94-04c1-424b-9868-57a2d4851a1d" relativeResultsDirectory="24d526a4-33d0-43e3-8e6c-3a4c3909441a">
    </UnitTestResult>
    <UnitTestResult executionId="e0d06c80-ddb7-48c7-94b8-f756d18f9555" testId="c2ec3d3f-37b6-59b7-2b75-e5c4d9997483" testName="Delete_1_HappyPath" computerName="ANDRE-PC" duration="00:00:00.7777479" startTime="2012-04-15T22:24:52.7671802-03:00" endTime="2012-04-15T22:24:53.5502250-03:00" testType="13cdc9d9-ddb5-4fa4-a97d-d965ccfc6d4b" outcome="Failed" testListId="8c84fa94-04c1-424b-9868-57a2d4851a1d" relativeResultsDirectory="e0d06c80-ddb7-48c7-94b8-f756d18f9555">
      <Output>
        <ErrorInfo>
          <Message>Test method CerebelloWebRole.Tests.AnamnesesControllerTests.Delete_1_HappyPath threw exception: 
System.InvalidCastException: Unable to cast object of type '&lt;&gt;f__AnonymousType3`2[System.Boolean,System.String]' to type 'CerebelloWebRole.Code.Json.JsonDeleteMessage'.</Message>
          <StackTrace>    at CerebelloWebRole.Tests.AnamnesesControllerTests.Delete_1_HappyPath() in D:\Projetos\Azure\Cerebello\CerebelloWebRole.Tests\Tests\AnamnesesControllerTests.cs:line 154
</StackTrace>
        </ErrorInfo>
      </Output>
    </UnitTestResult>
    <UnitTestResult executionId="2de23cba-ecd9-40f3-84f1-1e08868be376" testId="c646ae78-61a8-6b7f-04dd-4875a2e65d3a" testName="Edit_2_CannotSaveWithInvalidPatient" computerName="ANDRE-PC" duration="00:00:00.5057601" startTime="2012-04-15T22:24:53.5542252-03:00" endTime="2012-04-15T22:24:54.0692503-03:00" testType="13cdc9d9-ddb5-4fa4-a97d-d965ccfc6d4b" outcome="Passed" testListId="8c84fa94-04c1-424b-9868-57a2d4851a1d" relativeResultsDirectory="2de23cba-ecd9-40f3-84f1-1e08868be376">
    </UnitTestResult>
    <UnitTestResult executionId="ff18da84-d572-4626-a624-e3d8e78cfcbb" testId="d1e32f09-1346-5fe3-495a-5fffef038602" testName="Edit_2_SymptomsThatExistMustBeReferenced" computerName="ANDRE-PC" duration="00:00:01.3395097" startTime="2012-04-15T22:24:54.0782508-03:00" endTime="2012-04-15T22:24:55.4273246-03:00" testType="13cdc9d9-ddb5-4fa4-a97d-d965ccfc6d4b" outcome="Passed" testListId="8c84fa94-04c1-424b-9868-57a2d4851a1d" relativeResultsDirectory="ff18da84-d572-4626-a624-e3d8e78cfcbb">
    </UnitTestResult>
    <UnitTestResult executionId="5ab692e5-e351-4d67-90cd-20fd248f53d8" testId="d6022e27-9611-eb2e-ec54-245d47e99307" testName="Edit_Existing_HappyPath" computerName="ANDRE-PC" duration="00:00:00.7184469" startTime="2012-04-15T22:24:55.4303248-03:00" endTime="2012-04-15T22:24:56.1543619-03:00" testType="13cdc9d9-ddb5-4fa4-a97d-d965ccfc6d4b" outcome="Passed" testListId="8c84fa94-04c1-424b-9868-57a2d4851a1d" relativeResultsDirectory="5ab692e5-e351-4d67-90cd-20fd248f53d8">
    </UnitTestResult>
    <UnitTestResult executionId="a03b6665-7ade-404c-be9d-d00f6617254e" testId="da6ff516-a175-cf7e-1426-3150ac2dd6f1" testName="Edit_5_CanProperlyCreateModelWithNoFields" computerName="ANDRE-PC" duration="00:00:00.5804195" startTime="2012-04-15T22:24:56.1563620-03:00" endTime="2012-04-15T22:24:56.7433956-03:00" testType="13cdc9d9-ddb5-4fa4-a97d-d965ccfc6d4b" outcome="Passed" testListId="8c84fa94-04c1-424b-9868-57a2d4851a1d" relativeResultsDirectory="a03b6665-7ade-404c-be9d-d00f6617254e">
    </UnitTestResult>
    <UnitTestResult executionId="c9b458f2-03d1-4fb1-910d-e21316cd2486" testId="ebf3e47b-d14a-7c74-dc98-2b6cbaf08fbd" testName="Edit_1_CannotSaveWithInvalidModelId" computerName="ANDRE-PC" duration="00:00:00.7148335" startTime="2012-04-15T22:24:56.7443957-03:00" endTime="2012-04-15T22:24:57.4664336-03:00" testType="13cdc9d9-ddb5-4fa4-a97d-d965ccfc6d4b" outcome="Passed" testListId="8c84fa94-04c1-424b-9868-57a2d4851a1d" relativeResultsDirectory="c9b458f2-03d1-4fb1-910d-e21316cd2486">
    </UnitTestResult>
    <UnitTestResult executionId="3c92aec8-8bbc-4b46-9b5d-2d75e5596f28" testId="f7a445b4-027e-bd35-529e-6c76d0124a9f" testName="Edit_4_AllFieldsInTheTextMustBeDeclared" computerName="ANDRE-PC" duration="00:00:00.7001481" startTime="2012-04-15T22:24:57.4694338-03:00" endTime="2012-04-15T22:24:58.1754742-03:00" testType="13cdc9d9-ddb5-4fa4-a97d-d965ccfc6d4b" outcome="Passed" testListId="8c84fa94-04c1-424b-9868-57a2d4851a1d" relativeResultsDirectory="3c92aec8-8bbc-4b46-9b5d-2d75e5596f28">
    </UnitTestResult>
    <UnitTestResult executionId="81f58ae1-0d7a-49d9-9f15-6475726a4387" testId="f7dc56dc-f7ad-b300-031a-f461b1d69216" testName="Edit_1_CannotAddFieldWithNotAllowedCharacters" computerName="ANDRE-PC" duration="00:00:00.5760698" startTime="2012-04-15T22:24:58.1794744-03:00" endTime="2012-04-15T22:24:58.7625077-03:00" testType="13cdc9d9-ddb5-4fa4-a97d-d965ccfc6d4b" outcome="Passed" testListId="8c84fa94-04c1-424b-9868-57a2d4851a1d" relativeResultsDirectory="81f58ae1-0d7a-49d9-9f15-6475726a4387">
    </UnitTestResult>
  </Results>
</TestRun>